---
source: tests/snapshot_gallery_test.rs
expression: "format!(\"{:?}\", buffer)"
---
Buffer {
    area: Rect { x: 0, y: 0, width: 200, height: 60 },
    content: [
        "┌──────────────────────────────────────────────────────────────────────────────────────────────────────────────────────────────────────────────────────────────────────────────────────────────────────┐",
        "│ DGX-Pixels v0.1.0 - Gallery | [Q]uit [?]Help [1-7]Screens                                                                                                                                            │",
        "└──────────────────────────────────────────────────────────────────────────────────────────────────────────────────────────────────────────────────────────────────────────────────────────────────────┘",
        "                                                                                                                                                                                                        ",
        " ┌ Preview ────────────────────────────────────────────────────────────────────────────────────────────────────────────────────────────────┐┌ Images ─────────────────────────────────────────────────┐ ",
        " │                                                                                                                                         ││> sprite_001.png                                         │ ",
        " │                                                                                                                                         ││  sprite_002.png                                         │ ",
        " │                                                           Loading preview...                                                            ││  sprite_003.png                                         │ ",
        " │                                                                                                                                         ││  sprite_004.png                                         │ ",
        " │                                                               Please wait                                                               ││  sprite_005.png                                         │ ",
        " │                                                                                                                                         ││                                                         │ ",
        " │                                                                                                                                         ││                                                         │ ",
        " │                                                                                                                                         ││                                                         │ ",
        " │                                                                                                                                         ││                                                         │ ",
        " │                                                                                                                                         ││                                                         │ ",
        " │                                                                                                                                         ││                                                         │ ",
        " │                                                                                                                                         ││                                                         │ ",
        " │                                                                                                                                         ││                                                         │ ",
        " │                                                                                                                                         ││                                                         │ ",
        " │                                                                                                                                         ││                                                         │ ",
        " │                                                                                                                                         ││                                                         │ ",
        " │                                                                                                                                         ││                                                         │ ",
        " │                                                                                                                                         ││                                                         │ ",
        " │                                                                                                                                         ││                                                         │ ",
        " │                                                                                                                                         ││                                                         │ ",
        " │                                                                                                                                         ││                                                         │ ",
        " │                                                                                                                                         ││                                                         │ ",
        " │                                                                                                                                         ││                                                         │ ",
        " │                                                                                                                                         ││                                                         │ ",
        " │                                                                                                                                         ││                                                         │ ",
        " │                                                                                                                                         ││                                                         │ ",
        " │                                                                                                                                         ││                                                         │ ",
        " │                                                                                                                                         ││                                                         │ ",
        " │                                                                                                                                         ││                                                         │ ",
        " │                                                                                                                                         ││                                                         │ ",
        " │                                                                                                                                         ││                                                         │ ",
        " │                                                                                                                                         ││                                                         │ ",
        " │                                                                                                                                         ││                                                         │ ",
        " │                                                                                                                                         ││                                                         │ ",
        " │                                                                                                                                         ││                                                         │ ",
        " │                                                                                                                                         ││                                                         │ ",
        " │                                                                                                                                         ││                                                         │ ",
        " │                                                                                                                                         ││                                                         │ ",
        " │                                                                                                                                         ││                                                         │ ",
        " │                                                                                                                                         ││                                                         │ ",
        " │                                                                                                                                         ││                                                         │ ",
        " │                                                                                                                                         ││                                                         │ ",
        " │                                                                                                                                         ││                                                         │ ",
        " │                                                                                                                                         ││                                                         │ ",
        " │                                                                                                                                         ││                                                         │ ",
        " │                                                                                                                                         ││                                                         │ ",
        " │                                                                                                                                         ││                                                         │ ",
        " │                                                                                                                                         ││                                                         │ ",
        " │                                                                                                                                         ││                                                         │ ",
        " │                                                                                                                                         ││                                                         │ ",
        " └─────────────────────────────────────────────────────────────────────────────────────────────────────────────────────────────────────────┘└─────────────────────────────────────────────────────────┘ ",
        "                                                                                                                                                                                                        ",
        "┌──────────────────────────────────────────────────────────────────────────────────────────────────────────────────────────────────────────────────────────────────────────────────────────────────────┐",
        "│Total: 5 images | Space: 0 MB | Arrow keys to navigate                                                                                                                                                │",
        "└──────────────────────────────────────────────────────────────────────────────────────────────────────────────────────────────────────────────────────────────────────────────────────────────────────┘",
    ],
    styles: [
        x: 0, y: 0, fg: Cyan, bg: Reset, underline: Reset, modifier: BOLD,
        x: 0, y: 3, fg: Reset, bg: Reset, underline: Reset, modifier: NONE,
        x: 1, y: 4, fg: Cyan, bg: Reset, underline: Reset, modifier: NONE,
        x: 2, y: 4, fg: White, bg: Reset, underline: Reset, modifier: BOLD,
        x: 11, y: 4, fg: Cyan, bg: Reset, underline: Reset, modifier: NONE,
        x: 141, y: 4, fg: White, bg: Reset, underline: Reset, modifier: BOLD,
        x: 149, y: 4, fg: Cyan, bg: Reset, underline: Reset, modifier: NONE,
        x: 199, y: 4, fg: Reset, bg: Reset, underline: Reset, modifier: NONE,
        x: 1, y: 5, fg: Cyan, bg: Reset, underline: Reset, modifier: NONE,
        x: 2, y: 5, fg: Reset, bg: Reset, underline: Reset, modifier: NONE,
        x: 139, y: 5, fg: Cyan, bg: Reset, underline: Reset, modifier: NONE,
        x: 141, y: 5, fg: Reset, bg: Reset, underline: Reset, modifier: NONE,
        x: 143, y: 5, fg: Black, bg: Cyan, underline: Reset, modifier: BOLD,
        x: 157, y: 5, fg: Reset, bg: Reset, underline: Reset, modifier: NONE,
        x: 198, y: 5, fg: Cyan, bg: Reset, underline: Reset, modifier: NONE,
        x: 199, y: 5, fg: Reset, bg: Reset, underline: Reset, modifier: NONE,
        x: 1, y: 6, fg: Cyan, bg: Reset, underline: Reset, modifier: NONE,
        x: 2, y: 6, fg: Reset, bg: Reset, underline: Reset, modifier: NONE,
        x: 139, y: 6, fg: Cyan, bg: Reset, underline: Reset, modifier: NONE,
        x: 141, y: 6, fg: Reset, bg: Reset, underline: Reset, modifier: NONE,
        x: 143, y: 6, fg: White, bg: Reset, underline: Reset, modifier: NONE,
        x: 157, y: 6, fg: Reset, bg: Reset, underline: Reset, modifier: NONE,
        x: 198, y: 6, fg: Cyan, bg: Reset, underline: Reset, modifier: NONE,
        x: 199, y: 6, fg: Reset, bg: Reset, underline: Reset, modifier: NONE,
        x: 1, y: 7, fg: Cyan, bg: Reset, underline: Reset, modifier: NONE,
        x: 2, y: 7, fg: Reset, bg: Reset, underline: Reset, modifier: NONE,
        x: 61, y: 7, fg: Black, bg: Cyan, underline: Reset, modifier: BOLD,
        x: 79, y: 7, fg: Reset, bg: Reset, underline: Reset, modifier: NONE,
        x: 139, y: 7, fg: Cyan, bg: Reset, underline: Reset, modifier: NONE,
        x: 141, y: 7, fg: Reset, bg: Reset, underline: Reset, modifier: NONE,
        x: 143, y: 7, fg: White, bg: Reset, underline: Reset, modifier: NONE,
        x: 157, y: 7, fg: Reset, bg: Reset, underline: Reset, modifier: NONE,
        x: 198, y: 7, fg: Cyan, bg: Reset, underline: Reset, modifier: NONE,
        x: 199, y: 7, fg: Reset, bg: Reset, underline: Reset, modifier: NONE,
        x: 1, y: 8, fg: Cyan, bg: Reset, underline: Reset, modifier: NONE,
        x: 2, y: 8, fg: Reset, bg: Reset, underline: Reset, modifier: NONE,
        x: 139, y: 8, fg: Cyan, bg: Reset, underline: Reset, modifier: NONE,
        x: 141, y: 8, fg: Reset, bg: Reset, underline: Reset, modifier: NONE,
        x: 143, y: 8, fg: White, bg: Reset, underline: Reset, modifier: NONE,
        x: 157, y: 8, fg: Reset, bg: Reset, underline: Reset, modifier: NONE,
        x: 198, y: 8, fg: Cyan, bg: Reset, underline: Reset, modifier: NONE,
        x: 199, y: 8, fg: Reset, bg: Reset, underline: Reset, modifier: NONE,
        x: 1, y: 9, fg: Cyan, bg: Reset, underline: Reset, modifier: NONE,
        x: 2, y: 9, fg: Reset, bg: Reset, underline: Reset, modifier: NONE,
        x: 65, y: 9, fg: DarkGray, bg: Reset, underline: Reset, modifier: NONE,
        x: 76, y: 9, fg: Reset, bg: Reset, underline: Reset, modifier: NONE,
        x: 139, y: 9, fg: Cyan, bg: Reset, underline: Reset, modifier: NONE,
        x: 141, y: 9, fg: Reset, bg: Reset, underline: Reset, modifier: NONE,
        x: 143, y: 9, fg: White, bg: Reset, underline: Reset, modifier: NONE,
        x: 157, y: 9, fg: Reset, bg: Reset, underline: Reset, modifier: NONE,
        x: 198, y: 9, fg: Cyan, bg: Reset, underline: Reset, modifier: NONE,
        x: 199, y: 9, fg: Reset, bg: Reset, underline: Reset, modifier: NONE,
        x: 1, y: 10, fg: Cyan, bg: Reset, underline: Reset, modifier: NONE,
        x: 2, y: 10, fg: Reset, bg: Reset, underline: Reset, modifier: NONE,
        x: 139, y: 10, fg: Cyan, bg: Reset, underline: Reset, modifier: NONE,
        x: 141, y: 10, fg: Reset, bg: Reset, underline: Reset, modifier: NONE,
        x: 198, y: 10, fg: Cyan, bg: Reset, underline: Reset, modifier: NONE,
        x: 199, y: 10, fg: Reset, bg: Reset, underline: Reset, modifier: NONE,
        x: 1, y: 11, fg: Cyan, bg: Reset, underline: Reset, modifier: NONE,
        x: 2, y: 11, fg: Reset, bg: Reset, underline: Reset, modifier: NONE,
        x: 139, y: 11, fg: Cyan, bg: Reset, underline: Reset, modifier: NONE,
        x: 141, y: 11, fg: Reset, bg: Reset, underline: Reset, modifier: NONE,
        x: 198, y: 11, fg: Cyan, bg: Reset, underline: Reset, modifier: NONE,
        x: 199, y: 11, fg: Reset, bg: Reset, underline: Reset, modifier: NONE,
        x: 1, y: 12, fg: Cyan, bg: Reset, underline: Reset, modifier: NONE,
        x: 2, y: 12, fg: Reset, bg: Reset, underline: Reset, modifier: NONE,
        x: 139, y: 12, fg: Cyan, bg: Reset, underline: Reset, modifier: NONE,
        x: 141, y: 12, fg: Reset, bg: Reset, underline: Reset, modifier: NONE,
        x: 198, y: 12, fg: Cyan, bg: Reset, underline: Reset, modifier: NONE,
        x: 199, y: 12, fg: Reset, bg: Reset, underline: Reset, modifier: NONE,
        x: 1, y: 13, fg: Cyan, bg: Reset, underline: Reset, modifier: NONE,
        x: 2, y: 13, fg: Reset, bg: Reset, underline: Reset, modifier: NONE,
        x: 139, y: 13, fg: Cyan, bg: Reset, underline: Reset, modifier: NONE,
        x: 141, y: 13, fg: Reset, bg: Reset, underline: Reset, modifier: NONE,
        x: 198, y: 13, fg: Cyan, bg: Reset, underline: Reset, modifier: NONE,
        x: 199, y: 13, fg: Reset, bg: Reset, underline: Reset, modifier: NONE,
        x: 1, y: 14, fg: Cyan, bg: Reset, underline: Reset, modifier: NONE,
        x: 2, y: 14, fg: Reset, bg: Reset, underline: Reset, modifier: NONE,
        x: 139, y: 14, fg: Cyan, bg: Reset, underline: Reset, modifier: NONE,
        x: 141, y: 14, fg: Reset, bg: Reset, underline: Reset, modifier: NONE,
        x: 198, y: 14, fg: Cyan, bg: Reset, underline: Reset, modifier: NONE,
        x: 199, y: 14, fg: Reset, bg: Reset, underline: Reset, modifier: NONE,
        x: 1, y: 15, fg: Cyan, bg: Reset, underline: Reset, modifier: NONE,
        x: 2, y: 15, fg: Reset, bg: Reset, underline: Reset, modifier: NONE,
        x: 139, y: 15, fg: Cyan, bg: Reset, underline: Reset, modifier: NONE,
        x: 141, y: 15, fg: Reset, bg: Reset, underline: Reset, modifier: NONE,
        x: 198, y: 15, fg: Cyan, bg: Reset, underline: Reset, modifier: NONE,
        x: 199, y: 15, fg: Reset, bg: Reset, underline: Reset, modifier: NONE,
        x: 1, y: 16, fg: Cyan, bg: Reset, underline: Reset, modifier: NONE,
        x: 2, y: 16, fg: Reset, bg: Reset, underline: Reset, modifier: NONE,
        x: 139, y: 16, fg: Cyan, bg: Reset, underline: Reset, modifier: NONE,
        x: 141, y: 16, fg: Reset, bg: Reset, underline: Reset, modifier: NONE,
        x: 198, y: 16, fg: Cyan, bg: Reset, underline: Reset, modifier: NONE,
        x: 199, y: 16, fg: Reset, bg: Reset, underline: Reset, modifier: NONE,
        x: 1, y: 17, fg: Cyan, bg: Reset, underline: Reset, modifier: NONE,
        x: 2, y: 17, fg: Reset, bg: Reset, underline: Reset, modifier: NONE,
        x: 139, y: 17, fg: Cyan, bg: Reset, underline: Reset, modifier: NONE,
        x: 141, y: 17, fg: Reset, bg: Reset, underline: Reset, modifier: NONE,
        x: 198, y: 17, fg: Cyan, bg: Reset, underline: Reset, modifier: NONE,
        x: 199, y: 17, fg: Reset, bg: Reset, underline: Reset, modifier: NONE,
        x: 1, y: 18, fg: Cyan, bg: Reset, underline: Reset, modifier: NONE,
        x: 2, y: 18, fg: Reset, bg: Reset, underline: Reset, modifier: NONE,
        x: 139, y: 18, fg: Cyan, bg: Reset, underline: Reset, modifier: NONE,
        x: 141, y: 18, fg: Reset, bg: Reset, underline: Reset, modifier: NONE,
        x: 198, y: 18, fg: Cyan, bg: Reset, underline: Reset, modifier: NONE,
        x: 199, y: 18, fg: Reset, bg: Reset, underline: Reset, modifier: NONE,
        x: 1, y: 19, fg: Cyan, bg: Reset, underline: Reset, modifier: NONE,
        x: 2, y: 19, fg: Reset, bg: Reset, underline: Reset, modifier: NONE,
        x: 139, y: 19, fg: Cyan, bg: Reset, underline: Reset, modifier: NONE,
        x: 141, y: 19, fg: Reset, bg: Reset, underline: Reset, modifier: NONE,
        x: 198, y: 19, fg: Cyan, bg: Reset, underline: Reset, modifier: NONE,
        x: 199, y: 19, fg: Reset, bg: Reset, underline: Reset, modifier: NONE,
        x: 1, y: 20, fg: Cyan, bg: Reset, underline: Reset, modifier: NONE,
        x: 2, y: 20, fg: Reset, bg: Reset, underline: Reset, modifier: NONE,
        x: 139, y: 20, fg: Cyan, bg: Reset, underline: Reset, modifier: NONE,
        x: 141, y: 20, fg: Reset, bg: Reset, underline: Reset, modifier: NONE,
        x: 198, y: 20, fg: Cyan, bg: Reset, underline: Reset, modifier: NONE,
        x: 199, y: 20, fg: Reset, bg: Reset, underline: Reset, modifier: NONE,
        x: 1, y: 21, fg: Cyan, bg: Reset, underline: Reset, modifier: NONE,
        x: 2, y: 21, fg: Reset, bg: Reset, underline: Reset, modifier: NONE,
        x: 139, y: 21, fg: Cyan, bg: Reset, underline: Reset, modifier: NONE,
        x: 141, y: 21, fg: Reset, bg: Reset, underline: Reset, modifier: NONE,
        x: 198, y: 21, fg: Cyan, bg: Reset, underline: Reset, modifier: NONE,
        x: 199, y: 21, fg: Reset, bg: Reset, underline: Reset, modifier: NONE,
        x: 1, y: 22, fg: Cyan, bg: Reset, underline: Reset, modifier: NONE,
        x: 2, y: 22, fg: Reset, bg: Reset, underline: Reset, modifier: NONE,
        x: 139, y: 22, fg: Cyan, bg: Reset, underline: Reset, modifier: NONE,
        x: 141, y: 22, fg: Reset, bg: Reset, underline: Reset, modifier: NONE,
        x: 198, y: 22, fg: Cyan, bg: Reset, underline: Reset, modifier: NONE,
        x: 199, y: 22, fg: Reset, bg: Reset, underline: Reset, modifier: NONE,
        x: 1, y: 23, fg: Cyan, bg: Reset, underline: Reset, modifier: NONE,
        x: 2, y: 23, fg: Reset, bg: Reset, underline: Reset, modifier: NONE,
        x: 139, y: 23, fg: Cyan, bg: Reset, underline: Reset, modifier: NONE,
        x: 141, y: 23, fg: Reset, bg: Reset, underline: Reset, modifier: NONE,
        x: 198, y: 23, fg: Cyan, bg: Reset, underline: Reset, modifier: NONE,
        x: 199, y: 23, fg: Reset, bg: Reset, underline: Reset, modifier: NONE,
        x: 1, y: 24, fg: Cyan, bg: Reset, underline: Reset, modifier: NONE,
        x: 2, y: 24, fg: Reset, bg: Reset, underline: Reset, modifier: NONE,
        x: 139, y: 24, fg: Cyan, bg: Reset, underline: Reset, modifier: NONE,
        x: 141, y: 24, fg: Reset, bg: Reset, underline: Reset, modifier: NONE,
        x: 198, y: 24, fg: Cyan, bg: Reset, underline: Reset, modifier: NONE,
        x: 199, y: 24, fg: Reset, bg: Reset, underline: Reset, modifier: NONE,
        x: 1, y: 25, fg: Cyan, bg: Reset, underline: Reset, modifier: NONE,
        x: 2, y: 25, fg: Reset, bg: Reset, underline: Reset, modifier: NONE,
        x: 139, y: 25, fg: Cyan, bg: Reset, underline: Reset, modifier: NONE,
        x: 141, y: 25, fg: Reset, bg: Reset, underline: Reset, modifier: NONE,
        x: 198, y: 25, fg: Cyan, bg: Reset, underline: Reset, modifier: NONE,
        x: 199, y: 25, fg: Reset, bg: Reset, underline: Reset, modifier: NONE,
        x: 1, y: 26, fg: Cyan, bg: Reset, underline: Reset, modifier: NONE,
        x: 2, y: 26, fg: Reset, bg: Reset, underline: Reset, modifier: NONE,
        x: 139, y: 26, fg: Cyan, bg: Reset, underline: Reset, modifier: NONE,
        x: 141, y: 26, fg: Reset, bg: Reset, underline: Reset, modifier: NONE,
        x: 198, y: 26, fg: Cyan, bg: Reset, underline: Reset, modifier: NONE,
        x: 199, y: 26, fg: Reset, bg: Reset, underline: Reset, modifier: NONE,
        x: 1, y: 27, fg: Cyan, bg: Reset, underline: Reset, modifier: NONE,
        x: 2, y: 27, fg: Reset, bg: Reset, underline: Reset, modifier: NONE,
        x: 139, y: 27, fg: Cyan, bg: Reset, underline: Reset, modifier: NONE,
        x: 141, y: 27, fg: Reset, bg: Reset, underline: Reset, modifier: NONE,
        x: 198, y: 27, fg: Cyan, bg: Reset, underline: Reset, modifier: NONE,
        x: 199, y: 27, fg: Reset, bg: Reset, underline: Reset, modifier: NONE,
        x: 1, y: 28, fg: Cyan, bg: Reset, underline: Reset, modifier: NONE,
        x: 2, y: 28, fg: Reset, bg: Reset, underline: Reset, modifier: NONE,
        x: 139, y: 28, fg: Cyan, bg: Reset, underline: Reset, modifier: NONE,
        x: 141, y: 28, fg: Reset, bg: Reset, underline: Reset, modifier: NONE,
        x: 198, y: 28, fg: Cyan, bg: Reset, underline: Reset, modifier: NONE,
        x: 199, y: 28, fg: Reset, bg: Reset, underline: Reset, modifier: NONE,
        x: 1, y: 29, fg: Cyan, bg: Reset, underline: Reset, modifier: NONE,
        x: 2, y: 29, fg: Reset, bg: Reset, underline: Reset, modifier: NONE,
        x: 139, y: 29, fg: Cyan, bg: Reset, underline: Reset, modifier: NONE,
        x: 141, y: 29, fg: Reset, bg: Reset, underline: Reset, modifier: NONE,
        x: 198, y: 29, fg: Cyan, bg: Reset, underline: Reset, modifier: NONE,
        x: 199, y: 29, fg: Reset, bg: Reset, underline: Reset, modifier: NONE,
        x: 1, y: 30, fg: Cyan, bg: Reset, underline: Reset, modifier: NONE,
        x: 2, y: 30, fg: Reset, bg: Reset, underline: Reset, modifier: NONE,
        x: 139, y: 30, fg: Cyan, bg: Reset, underline: Reset, modifier: NONE,
        x: 141, y: 30, fg: Reset, bg: Reset, underline: Reset, modifier: NONE,
        x: 198, y: 30, fg: Cyan, bg: Reset, underline: Reset, modifier: NONE,
        x: 199, y: 30, fg: Reset, bg: Reset, underline: Reset, modifier: NONE,
        x: 1, y: 31, fg: Cyan, bg: Reset, underline: Reset, modifier: NONE,
        x: 2, y: 31, fg: Reset, bg: Reset, underline: Reset, modifier: NONE,
        x: 139, y: 31, fg: Cyan, bg: Reset, underline: Reset, modifier: NONE,
        x: 141, y: 31, fg: Reset, bg: Reset, underline: Reset, modifier: NONE,
        x: 198, y: 31, fg: Cyan, bg: Reset, underline: Reset, modifier: NONE,
        x: 199, y: 31, fg: Reset, bg: Reset, underline: Reset, modifier: NONE,
        x: 1, y: 32, fg: Cyan, bg: Reset, underline: Reset, modifier: NONE,
        x: 2, y: 32, fg: Reset, bg: Reset, underline: Reset, modifier: NONE,
        x: 139, y: 32, fg: Cyan, bg: Reset, underline: Reset, modifier: NONE,
        x: 141, y: 32, fg: Reset, bg: Reset, underline: Reset, modifier: NONE,
        x: 198, y: 32, fg: Cyan, bg: Reset, underline: Reset, modifier: NONE,
        x: 199, y: 32, fg: Reset, bg: Reset, underline: Reset, modifier: NONE,
        x: 1, y: 33, fg: Cyan, bg: Reset, underline: Reset, modifier: NONE,
        x: 2, y: 33, fg: Reset, bg: Reset, underline: Reset, modifier: NONE,
        x: 139, y: 33, fg: Cyan, bg: Reset, underline: Reset, modifier: NONE,
        x: 141, y: 33, fg: Reset, bg: Reset, underline: Reset, modifier: NONE,
        x: 198, y: 33, fg: Cyan, bg: Reset, underline: Reset, modifier: NONE,
        x: 199, y: 33, fg: Reset, bg: Reset, underline: Reset, modifier: NONE,
        x: 1, y: 34, fg: Cyan, bg: Reset, underline: Reset, modifier: NONE,
        x: 2, y: 34, fg: Reset, bg: Reset, underline: Reset, modifier: NONE,
        x: 139, y: 34, fg: Cyan, bg: Reset, underline: Reset, modifier: NONE,
        x: 141, y: 34, fg: Reset, bg: Reset, underline: Reset, modifier: NONE,
        x: 198, y: 34, fg: Cyan, bg: Reset, underline: Reset, modifier: NONE,
        x: 199, y: 34, fg: Reset, bg: Reset, underline: Reset, modifier: NONE,
        x: 1, y: 35, fg: Cyan, bg: Reset, underline: Reset, modifier: NONE,
        x: 2, y: 35, fg: Reset, bg: Reset, underline: Reset, modifier: NONE,
        x: 139, y: 35, fg: Cyan, bg: Reset, underline: Reset, modifier: NONE,
        x: 141, y: 35, fg: Reset, bg: Reset, underline: Reset, modifier: NONE,
        x: 198, y: 35, fg: Cyan, bg: Reset, underline: Reset, modifier: NONE,
        x: 199, y: 35, fg: Reset, bg: Reset, underline: Reset, modifier: NONE,
        x: 1, y: 36, fg: Cyan, bg: Reset, underline: Reset, modifier: NONE,
        x: 2, y: 36, fg: Reset, bg: Reset, underline: Reset, modifier: NONE,
        x: 139, y: 36, fg: Cyan, bg: Reset, underline: Reset, modifier: NONE,
        x: 141, y: 36, fg: Reset, bg: Reset, underline: Reset, modifier: NONE,
        x: 198, y: 36, fg: Cyan, bg: Reset, underline: Reset, modifier: NONE,
        x: 199, y: 36, fg: Reset, bg: Reset, underline: Reset, modifier: NONE,
        x: 1, y: 37, fg: Cyan, bg: Reset, underline: Reset, modifier: NONE,
        x: 2, y: 37, fg: Reset, bg: Reset, underline: Reset, modifier: NONE,
        x: 139, y: 37, fg: Cyan, bg: Reset, underline: Reset, modifier: NONE,
        x: 141, y: 37, fg: Reset, bg: Reset, underline: Reset, modifier: NONE,
        x: 198, y: 37, fg: Cyan, bg: Reset, underline: Reset, modifier: NONE,
        x: 199, y: 37, fg: Reset, bg: Reset, underline: Reset, modifier: NONE,
        x: 1, y: 38, fg: Cyan, bg: Reset, underline: Reset, modifier: NONE,
        x: 2, y: 38, fg: Reset, bg: Reset, underline: Reset, modifier: NONE,
        x: 139, y: 38, fg: Cyan, bg: Reset, underline: Reset, modifier: NONE,
        x: 141, y: 38, fg: Reset, bg: Reset, underline: Reset, modifier: NONE,
        x: 198, y: 38, fg: Cyan, bg: Reset, underline: Reset, modifier: NONE,
        x: 199, y: 38, fg: Reset, bg: Reset, underline: Reset, modifier: NONE,
        x: 1, y: 39, fg: Cyan, bg: Reset, underline: Reset, modifier: NONE,
        x: 2, y: 39, fg: Reset, bg: Reset, underline: Reset, modifier: NONE,
        x: 139, y: 39, fg: Cyan, bg: Reset, underline: Reset, modifier: NONE,
        x: 141, y: 39, fg: Reset, bg: Reset, underline: Reset, modifier: NONE,
        x: 198, y: 39, fg: Cyan, bg: Reset, underline: Reset, modifier: NONE,
        x: 199, y: 39, fg: Reset, bg: Reset, underline: Reset, modifier: NONE,
        x: 1, y: 40, fg: Cyan, bg: Reset, underline: Reset, modifier: NONE,
        x: 2, y: 40, fg: Reset, bg: Reset, underline: Reset, modifier: NONE,
        x: 139, y: 40, fg: Cyan, bg: Reset, underline: Reset, modifier: NONE,
        x: 141, y: 40, fg: Reset, bg: Reset, underline: Reset, modifier: NONE,
        x: 198, y: 40, fg: Cyan, bg: Reset, underline: Reset, modifier: NONE,
        x: 199, y: 40, fg: Reset, bg: Reset, underline: Reset, modifier: NONE,
        x: 1, y: 41, fg: Cyan, bg: Reset, underline: Reset, modifier: NONE,
        x: 2, y: 41, fg: Reset, bg: Reset, underline: Reset, modifier: NONE,
        x: 139, y: 41, fg: Cyan, bg: Reset, underline: Reset, modifier: NONE,
        x: 141, y: 41, fg: Reset, bg: Reset, underline: Reset, modifier: NONE,
        x: 198, y: 41, fg: Cyan, bg: Reset, underline: Reset, modifier: NONE,
        x: 199, y: 41, fg: Reset, bg: Reset, underline: Reset, modifier: NONE,
        x: 1, y: 42, fg: Cyan, bg: Reset, underline: Reset, modifier: NONE,
        x: 2, y: 42, fg: Reset, bg: Reset, underline: Reset, modifier: NONE,
        x: 139, y: 42, fg: Cyan, bg: Reset, underline: Reset, modifier: NONE,
        x: 141, y: 42, fg: Reset, bg: Reset, underline: Reset, modifier: NONE,
        x: 198, y: 42, fg: Cyan, bg: Reset, underline: Reset, modifier: NONE,
        x: 199, y: 42, fg: Reset, bg: Reset, underline: Reset, modifier: NONE,
        x: 1, y: 43, fg: Cyan, bg: Reset, underline: Reset, modifier: NONE,
        x: 2, y: 43, fg: Reset, bg: Reset, underline: Reset, modifier: NONE,
        x: 139, y: 43, fg: Cyan, bg: Reset, underline: Reset, modifier: NONE,
        x: 141, y: 43, fg: Reset, bg: Reset, underline: Reset, modifier: NONE,
        x: 198, y: 43, fg: Cyan, bg: Reset, underline: Reset, modifier: NONE,
        x: 199, y: 43, fg: Reset, bg: Reset, underline: Reset, modifier: NONE,
        x: 1, y: 44, fg: Cyan, bg: Reset, underline: Reset, modifier: NONE,
        x: 2, y: 44, fg: Reset, bg: Reset, underline: Reset, modifier: NONE,
        x: 139, y: 44, fg: Cyan, bg: Reset, underline: Reset, modifier: NONE,
        x: 141, y: 44, fg: Reset, bg: Reset, underline: Reset, modifier: NONE,
        x: 198, y: 44, fg: Cyan, bg: Reset, underline: Reset, modifier: NONE,
        x: 199, y: 44, fg: Reset, bg: Reset, underline: Reset, modifier: NONE,
        x: 1, y: 45, fg: Cyan, bg: Reset, underline: Reset, modifier: NONE,
        x: 2, y: 45, fg: Reset, bg: Reset, underline: Reset, modifier: NONE,
        x: 139, y: 45, fg: Cyan, bg: Reset, underline: Reset, modifier: NONE,
        x: 141, y: 45, fg: Reset, bg: Reset, underline: Reset, modifier: NONE,
        x: 198, y: 45, fg: Cyan, bg: Reset, underline: Reset, modifier: NONE,
        x: 199, y: 45, fg: Reset, bg: Reset, underline: Reset, modifier: NONE,
        x: 1, y: 46, fg: Cyan, bg: Reset, underline: Reset, modifier: NONE,
        x: 2, y: 46, fg: Reset, bg: Reset, underline: Reset, modifier: NONE,
        x: 139, y: 46, fg: Cyan, bg: Reset, underline: Reset, modifier: NONE,
        x: 141, y: 46, fg: Reset, bg: Reset, underline: Reset, modifier: NONE,
        x: 198, y: 46, fg: Cyan, bg: Reset, underline: Reset, modifier: NONE,
        x: 199, y: 46, fg: Reset, bg: Reset, underline: Reset, modifier: NONE,
        x: 1, y: 47, fg: Cyan, bg: Reset, underline: Reset, modifier: NONE,
        x: 2, y: 47, fg: Reset, bg: Reset, underline: Reset, modifier: NONE,
        x: 139, y: 47, fg: Cyan, bg: Reset, underline: Reset, modifier: NONE,
        x: 141, y: 47, fg: Reset, bg: Reset, underline: Reset, modifier: NONE,
        x: 198, y: 47, fg: Cyan, bg: Reset, underline: Reset, modifier: NONE,
        x: 199, y: 47, fg: Reset, bg: Reset, underline: Reset, modifier: NONE,
        x: 1, y: 48, fg: Cyan, bg: Reset, underline: Reset, modifier: NONE,
        x: 2, y: 48, fg: Reset, bg: Reset, underline: Reset, modifier: NONE,
        x: 139, y: 48, fg: Cyan, bg: Reset, underline: Reset, modifier: NONE,
        x: 141, y: 48, fg: Reset, bg: Reset, underline: Reset, modifier: NONE,
        x: 198, y: 48, fg: Cyan, bg: Reset, underline: Reset, modifier: NONE,
        x: 199, y: 48, fg: Reset, bg: Reset, underline: Reset, modifier: NONE,
        x: 1, y: 49, fg: Cyan, bg: Reset, underline: Reset, modifier: NONE,
        x: 2, y: 49, fg: Reset, bg: Reset, underline: Reset, modifier: NONE,
        x: 139, y: 49, fg: Cyan, bg: Reset, underline: Reset, modifier: NONE,
        x: 141, y: 49, fg: Reset, bg: Reset, underline: Reset, modifier: NONE,
        x: 198, y: 49, fg: Cyan, bg: Reset, underline: Reset, modifier: NONE,
        x: 199, y: 49, fg: Reset, bg: Reset, underline: Reset, modifier: NONE,
        x: 1, y: 50, fg: Cyan, bg: Reset, underline: Reset, modifier: NONE,
        x: 2, y: 50, fg: Reset, bg: Reset, underline: Reset, modifier: NONE,
        x: 139, y: 50, fg: Cyan, bg: Reset, underline: Reset, modifier: NONE,
        x: 141, y: 50, fg: Reset, bg: Reset, underline: Reset, modifier: NONE,
        x: 198, y: 50, fg: Cyan, bg: Reset, underline: Reset, modifier: NONE,
        x: 199, y: 50, fg: Reset, bg: Reset, underline: Reset, modifier: NONE,
        x: 1, y: 51, fg: Cyan, bg: Reset, underline: Reset, modifier: NONE,
        x: 2, y: 51, fg: Reset, bg: Reset, underline: Reset, modifier: NONE,
        x: 139, y: 51, fg: Cyan, bg: Reset, underline: Reset, modifier: NONE,
        x: 141, y: 51, fg: Reset, bg: Reset, underline: Reset, modifier: NONE,
        x: 198, y: 51, fg: Cyan, bg: Reset, underline: Reset, modifier: NONE,
        x: 199, y: 51, fg: Reset, bg: Reset, underline: Reset, modifier: NONE,
        x: 1, y: 52, fg: Cyan, bg: Reset, underline: Reset, modifier: NONE,
        x: 2, y: 52, fg: Reset, bg: Reset, underline: Reset, modifier: NONE,
        x: 139, y: 52, fg: Cyan, bg: Reset, underline: Reset, modifier: NONE,
        x: 141, y: 52, fg: Reset, bg: Reset, underline: Reset, modifier: NONE,
        x: 198, y: 52, fg: Cyan, bg: Reset, underline: Reset, modifier: NONE,
        x: 199, y: 52, fg: Reset, bg: Reset, underline: Reset, modifier: NONE,
        x: 1, y: 53, fg: Cyan, bg: Reset, underline: Reset, modifier: NONE,
        x: 2, y: 53, fg: Reset, bg: Reset, underline: Reset, modifier: NONE,
        x: 139, y: 53, fg: Cyan, bg: Reset, underline: Reset, modifier: NONE,
        x: 141, y: 53, fg: Reset, bg: Reset, underline: Reset, modifier: NONE,
        x: 198, y: 53, fg: Cyan, bg: Reset, underline: Reset, modifier: NONE,
        x: 199, y: 53, fg: Reset, bg: Reset, underline: Reset, modifier: NONE,
        x: 1, y: 54, fg: Cyan, bg: Reset, underline: Reset, modifier: NONE,
        x: 2, y: 54, fg: Reset, bg: Reset, underline: Reset, modifier: NONE,
        x: 139, y: 54, fg: Cyan, bg: Reset, underline: Reset, modifier: NONE,
        x: 141, y: 54, fg: Reset, bg: Reset, underline: Reset, modifier: NONE,
        x: 198, y: 54, fg: Cyan, bg: Reset, underline: Reset, modifier: NONE,
        x: 199, y: 54, fg: Reset, bg: Reset, underline: Reset, modifier: NONE,
        x: 1, y: 55, fg: Cyan, bg: Reset, underline: Reset, modifier: NONE,
        x: 199, y: 55, fg: Reset, bg: Reset, underline: Reset, modifier: NONE,
        x: 0, y: 57, fg: White, bg: DarkGray, underline: Reset, modifier: NONE,
    ]
}
