---
source: tests/snapshot_screens_test.rs
expression: "format!(\"{:?}\", buffer)"
---
Buffer {
    area: Rect { x: 0, y: 0, width: 200, height: 60 },
    content: [
        "┌──────────────────────────────────────────────────────────────────────────────────────────────────────────────────────────────────────────────────────────────────────────────────────────────────────┐",
        "│ DGX-Pixels v0.1.0 - Settings | [Q]uit [?]Help [1-7]Screens                                                                                                                                           │",
        "└──────────────────────────────────────────────────────────────────────────────────────────────────────────────────────────────────────────────────────────────────────────────────────────────────────┘",
        "┌ Settings ────────────────────────────────────────────────────────────────────────────────────────────────────────────────────────────────────────────────────────────────────────────────────────────┐",
        "│                                                                                                                                                                                                      │",
        "│General Settings:                                                                                                                                                                                     │",
        "│  Theme: Default                                                                                                                                                                                      │",
        "│  Auto-save: Enabled                                                                                                                                                                                  │",
        "│                                                                                                                                                                                                      │",
        "│Generation Defaults:                                                                                                                                                                                  │",
        "│  Model: SDXL Base                                                                                                                                                                                    │",
        "│  Steps: 30                                                                                                                                                                                           │",
        "│  CFG Scale: 7.5                                                                                                                                                                                      │",
        "│                                                                                                                                                                                                      │",
        "│Paths:                                                                                                                                                                                                │",
        "│  Output: ./output                                                                                                                                                                                    │",
        "│  Models: ./models                                                                                                                                                                                    │",
        "│                                                                                                                                                                                                      │",
        "│                                                                                                                                                                                                      │",
        "│                                                                                                                                                                                                      │",
        "│                                                                                                                                                                                                      │",
        "│                                                                                                                                                                                                      │",
        "│                                                                                                                                                                                                      │",
        "│                                                                                                                                                                                                      │",
        "│                                                                                                                                                                                                      │",
        "│                                                                                                                                                                                                      │",
        "│                                                                                                                                                                                                      │",
        "│                                                                                                                                                                                                      │",
        "│                                                                                                                                                                                                      │",
        "│                                                                                                                                                                                                      │",
        "│                                                                                                                                                                                                      │",
        "│                                                                                                                                                                                                      │",
        "│                                                                                                                                                                                                      │",
        "│                                                                                                                                                                                                      │",
        "│                                                                                                                                                                                                      │",
        "│                                                                                                                                                                                                      │",
        "│                                                                                                                                                                                                      │",
        "│                                                                                                                                                                                                      │",
        "│                                                                                                                                                                                                      │",
        "│                                                                                                                                                                                                      │",
        "│                                                                                                                                                                                                      │",
        "│                                                                                                                                                                                                      │",
        "│                                                                                                                                                                                                      │",
        "│                                                                                                                                                                                                      │",
        "│                                                                                                                                                                                                      │",
        "│                                                                                                                                                                                                      │",
        "│                                                                                                                                                                                                      │",
        "│                                                                                                                                                                                                      │",
        "│                                                                                                                                                                                                      │",
        "│                                                                                                                                                                                                      │",
        "│                                                                                                                                                                                                      │",
        "│                                                                                                                                                                                                      │",
        "│                                                                                                                                                                                                      │",
        "│                                                                                                                                                                                                      │",
        "│                                                                                                                                                                                                      │",
        "│                                                                                                                                                                                                      │",
        "└──────────────────────────────────────────────────────────────────────────────────────────────────────────────────────────────────────────────────────────────────────────────────────────────────────┘",
        "┌──────────────────────────────────────────────────────────────────────────────────────────────────────────────────────────────────────────────────────────────────────────────────────────────────────┐",
        "│Config: ~/.config/dgx-pixels/config.toml                                                                                                                                                              │",
        "└──────────────────────────────────────────────────────────────────────────────────────────────────────────────────────────────────────────────────────────────────────────────────────────────────────┘",
    ],
    styles: [
        x: 0, y: 0, fg: Cyan, bg: Reset, underline: Reset, modifier: BOLD,
        x: 0, y: 3, fg: Cyan, bg: Reset, underline: Reset, modifier: NONE,
        x: 1, y: 3, fg: White, bg: Reset, underline: Reset, modifier: BOLD,
        x: 11, y: 3, fg: Cyan, bg: Reset, underline: Reset, modifier: NONE,
        x: 1, y: 4, fg: White, bg: Reset, underline: Reset, modifier: NONE,
        x: 199, y: 4, fg: Cyan, bg: Reset, underline: Reset, modifier: NONE,
        x: 1, y: 5, fg: White, bg: Reset, underline: Reset, modifier: NONE,
        x: 199, y: 5, fg: Cyan, bg: Reset, underline: Reset, modifier: NONE,
        x: 1, y: 6, fg: White, bg: Reset, underline: Reset, modifier: NONE,
        x: 199, y: 6, fg: Cyan, bg: Reset, underline: Reset, modifier: NONE,
        x: 1, y: 7, fg: White, bg: Reset, underline: Reset, modifier: NONE,
        x: 199, y: 7, fg: Cyan, bg: Reset, underline: Reset, modifier: NONE,
        x: 1, y: 8, fg: White, bg: Reset, underline: Reset, modifier: NONE,
        x: 199, y: 8, fg: Cyan, bg: Reset, underline: Reset, modifier: NONE,
        x: 1, y: 9, fg: White, bg: Reset, underline: Reset, modifier: NONE,
        x: 199, y: 9, fg: Cyan, bg: Reset, underline: Reset, modifier: NONE,
        x: 1, y: 10, fg: White, bg: Reset, underline: Reset, modifier: NONE,
        x: 199, y: 10, fg: Cyan, bg: Reset, underline: Reset, modifier: NONE,
        x: 1, y: 11, fg: White, bg: Reset, underline: Reset, modifier: NONE,
        x: 199, y: 11, fg: Cyan, bg: Reset, underline: Reset, modifier: NONE,
        x: 1, y: 12, fg: White, bg: Reset, underline: Reset, modifier: NONE,
        x: 199, y: 12, fg: Cyan, bg: Reset, underline: Reset, modifier: NONE,
        x: 1, y: 13, fg: White, bg: Reset, underline: Reset, modifier: NONE,
        x: 199, y: 13, fg: Cyan, bg: Reset, underline: Reset, modifier: NONE,
        x: 1, y: 14, fg: White, bg: Reset, underline: Reset, modifier: NONE,
        x: 199, y: 14, fg: Cyan, bg: Reset, underline: Reset, modifier: NONE,
        x: 1, y: 15, fg: White, bg: Reset, underline: Reset, modifier: NONE,
        x: 199, y: 15, fg: Cyan, bg: Reset, underline: Reset, modifier: NONE,
        x: 1, y: 16, fg: White, bg: Reset, underline: Reset, modifier: NONE,
        x: 199, y: 16, fg: Cyan, bg: Reset, underline: Reset, modifier: NONE,
        x: 1, y: 17, fg: White, bg: Reset, underline: Reset, modifier: NONE,
        x: 199, y: 17, fg: Cyan, bg: Reset, underline: Reset, modifier: NONE,
        x: 1, y: 18, fg: White, bg: Reset, underline: Reset, modifier: NONE,
        x: 199, y: 18, fg: Cyan, bg: Reset, underline: Reset, modifier: NONE,
        x: 1, y: 19, fg: White, bg: Reset, underline: Reset, modifier: NONE,
        x: 199, y: 19, fg: Cyan, bg: Reset, underline: Reset, modifier: NONE,
        x: 1, y: 20, fg: White, bg: Reset, underline: Reset, modifier: NONE,
        x: 199, y: 20, fg: Cyan, bg: Reset, underline: Reset, modifier: NONE,
        x: 1, y: 21, fg: White, bg: Reset, underline: Reset, modifier: NONE,
        x: 199, y: 21, fg: Cyan, bg: Reset, underline: Reset, modifier: NONE,
        x: 1, y: 22, fg: White, bg: Reset, underline: Reset, modifier: NONE,
        x: 199, y: 22, fg: Cyan, bg: Reset, underline: Reset, modifier: NONE,
        x: 1, y: 23, fg: White, bg: Reset, underline: Reset, modifier: NONE,
        x: 199, y: 23, fg: Cyan, bg: Reset, underline: Reset, modifier: NONE,
        x: 1, y: 24, fg: White, bg: Reset, underline: Reset, modifier: NONE,
        x: 199, y: 24, fg: Cyan, bg: Reset, underline: Reset, modifier: NONE,
        x: 1, y: 25, fg: White, bg: Reset, underline: Reset, modifier: NONE,
        x: 199, y: 25, fg: Cyan, bg: Reset, underline: Reset, modifier: NONE,
        x: 1, y: 26, fg: White, bg: Reset, underline: Reset, modifier: NONE,
        x: 199, y: 26, fg: Cyan, bg: Reset, underline: Reset, modifier: NONE,
        x: 1, y: 27, fg: White, bg: Reset, underline: Reset, modifier: NONE,
        x: 199, y: 27, fg: Cyan, bg: Reset, underline: Reset, modifier: NONE,
        x: 1, y: 28, fg: White, bg: Reset, underline: Reset, modifier: NONE,
        x: 199, y: 28, fg: Cyan, bg: Reset, underline: Reset, modifier: NONE,
        x: 1, y: 29, fg: White, bg: Reset, underline: Reset, modifier: NONE,
        x: 199, y: 29, fg: Cyan, bg: Reset, underline: Reset, modifier: NONE,
        x: 1, y: 30, fg: White, bg: Reset, underline: Reset, modifier: NONE,
        x: 199, y: 30, fg: Cyan, bg: Reset, underline: Reset, modifier: NONE,
        x: 1, y: 31, fg: White, bg: Reset, underline: Reset, modifier: NONE,
        x: 199, y: 31, fg: Cyan, bg: Reset, underline: Reset, modifier: NONE,
        x: 1, y: 32, fg: White, bg: Reset, underline: Reset, modifier: NONE,
        x: 199, y: 32, fg: Cyan, bg: Reset, underline: Reset, modifier: NONE,
        x: 1, y: 33, fg: White, bg: Reset, underline: Reset, modifier: NONE,
        x: 199, y: 33, fg: Cyan, bg: Reset, underline: Reset, modifier: NONE,
        x: 1, y: 34, fg: White, bg: Reset, underline: Reset, modifier: NONE,
        x: 199, y: 34, fg: Cyan, bg: Reset, underline: Reset, modifier: NONE,
        x: 1, y: 35, fg: White, bg: Reset, underline: Reset, modifier: NONE,
        x: 199, y: 35, fg: Cyan, bg: Reset, underline: Reset, modifier: NONE,
        x: 1, y: 36, fg: White, bg: Reset, underline: Reset, modifier: NONE,
        x: 199, y: 36, fg: Cyan, bg: Reset, underline: Reset, modifier: NONE,
        x: 1, y: 37, fg: White, bg: Reset, underline: Reset, modifier: NONE,
        x: 199, y: 37, fg: Cyan, bg: Reset, underline: Reset, modifier: NONE,
        x: 1, y: 38, fg: White, bg: Reset, underline: Reset, modifier: NONE,
        x: 199, y: 38, fg: Cyan, bg: Reset, underline: Reset, modifier: NONE,
        x: 1, y: 39, fg: White, bg: Reset, underline: Reset, modifier: NONE,
        x: 199, y: 39, fg: Cyan, bg: Reset, underline: Reset, modifier: NONE,
        x: 1, y: 40, fg: White, bg: Reset, underline: Reset, modifier: NONE,
        x: 199, y: 40, fg: Cyan, bg: Reset, underline: Reset, modifier: NONE,
        x: 1, y: 41, fg: White, bg: Reset, underline: Reset, modifier: NONE,
        x: 199, y: 41, fg: Cyan, bg: Reset, underline: Reset, modifier: NONE,
        x: 1, y: 42, fg: White, bg: Reset, underline: Reset, modifier: NONE,
        x: 199, y: 42, fg: Cyan, bg: Reset, underline: Reset, modifier: NONE,
        x: 1, y: 43, fg: White, bg: Reset, underline: Reset, modifier: NONE,
        x: 199, y: 43, fg: Cyan, bg: Reset, underline: Reset, modifier: NONE,
        x: 1, y: 44, fg: White, bg: Reset, underline: Reset, modifier: NONE,
        x: 199, y: 44, fg: Cyan, bg: Reset, underline: Reset, modifier: NONE,
        x: 1, y: 45, fg: White, bg: Reset, underline: Reset, modifier: NONE,
        x: 199, y: 45, fg: Cyan, bg: Reset, underline: Reset, modifier: NONE,
        x: 1, y: 46, fg: White, bg: Reset, underline: Reset, modifier: NONE,
        x: 199, y: 46, fg: Cyan, bg: Reset, underline: Reset, modifier: NONE,
        x: 1, y: 47, fg: White, bg: Reset, underline: Reset, modifier: NONE,
        x: 199, y: 47, fg: Cyan, bg: Reset, underline: Reset, modifier: NONE,
        x: 1, y: 48, fg: White, bg: Reset, underline: Reset, modifier: NONE,
        x: 199, y: 48, fg: Cyan, bg: Reset, underline: Reset, modifier: NONE,
        x: 1, y: 49, fg: White, bg: Reset, underline: Reset, modifier: NONE,
        x: 199, y: 49, fg: Cyan, bg: Reset, underline: Reset, modifier: NONE,
        x: 1, y: 50, fg: White, bg: Reset, underline: Reset, modifier: NONE,
        x: 199, y: 50, fg: Cyan, bg: Reset, underline: Reset, modifier: NONE,
        x: 1, y: 51, fg: White, bg: Reset, underline: Reset, modifier: NONE,
        x: 199, y: 51, fg: Cyan, bg: Reset, underline: Reset, modifier: NONE,
        x: 1, y: 52, fg: White, bg: Reset, underline: Reset, modifier: NONE,
        x: 199, y: 52, fg: Cyan, bg: Reset, underline: Reset, modifier: NONE,
        x: 1, y: 53, fg: White, bg: Reset, underline: Reset, modifier: NONE,
        x: 199, y: 53, fg: Cyan, bg: Reset, underline: Reset, modifier: NONE,
        x: 1, y: 54, fg: White, bg: Reset, underline: Reset, modifier: NONE,
        x: 199, y: 54, fg: Cyan, bg: Reset, underline: Reset, modifier: NONE,
        x: 1, y: 55, fg: White, bg: Reset, underline: Reset, modifier: NONE,
        x: 199, y: 55, fg: Cyan, bg: Reset, underline: Reset, modifier: NONE,
        x: 0, y: 57, fg: White, bg: DarkGray, underline: Reset, modifier: NONE,
    ]
}
