---
source: tests/snapshot_screens_test.rs
expression: "format!(\"{:?}\", buffer)"
---
Buffer {
    area: Rect { x: 0, y: 0, width: 120, height: 40 },
    content: [
        "┌──────────────────────────────────────────────────────────────────────────────────────────────────────────────────────┐",
        "│ DGX-Pixels v0.1.0 - Generation | [Q]uit [?]Help [1-7]Screens                                                         │",
        "└──────────────────────────────────────────────────────────────────────────────────────────────────────────────────────┘",
        "                                                                                                                        ",
        " ┌ Prompt ────────────────────────────────────────────────────────────────────────────────────────────────────────────┐ ",
        " │Enter your prompt here...                                                                                           │ ",
        " │                                                                                                                    │ ",
        " │                                                                                                                    │ ",
        " └────────────────────────────────────────────────────────────────────────────────────────────────────────────────────┘ ",
        " ┌────────────────────────────────────────────────────────────────────────────────────────────────────────────────────┐ ",
        " │ Model: [SDXL Base ▼]  LoRA: [None ▼]  Size: [1024x1024]  Steps: [30]                                               │ ",
        " └────────────────────────────────────────────────────────────────────────────────────────────────────────────────────┘ ",
        " ┌ Generation Options ─────────────────────────────────────┐┌ Preview ────────────────────────────────────────────────┐ ",
        " │Steps:       30                                          ││                                                         │ ",
        " │CFG Scale:   7.5                                         ││                       [Preview Area]                    │ ",
        " │Seed:        Random                                      ││                                                         │ ",
        " │Batch Size:  1                                           ││                    Image preview will                   │ ",
        " │                                                         ││                     appear here after                   │ ",
        " │                                                         ││                        generation                       │ ",
        " │Active Job: forest background tile                       ││                                                         │ ",
        " │Stage: sampling                                          ││                                                         │ ",
        " │Progress: 45% (ETA: 3.2s)                                ││                                                         │ ",
        " │                                                         ││                                                         │ ",
        " │ [G]enerate    [C]ompare Models                          ││                                                         │ ",
        " │                                                         ││                                                         │ ",
        " │                                                         ││                                                         │ ",
        " │                                                         ││                                                         │ ",
        " │                                                         ││                                                         │ ",
        " │                                                         ││                                                         │ ",
        " └─────────────────────────────────────────────────────────┘└─────────────────────────────────────────────────────────┘ ",
        " ┌ Recent Generations ────────────────────────────────────────────────────────────────────────────────────────────────┐ ",
        " │No recent generations                                                                                               │ ",
        " │                                                                                                                    │ ",
        " │                                                                                                                    │ ",
        " │                                                                                                                    │ ",
        " └────────────────────────────────────────────────────────────────────────────────────────────────────────────────────┘ ",
        "                                                                                                                        ",
        "┌──────────────────────────────────────────────────────────────────────────────────────────────────────────────────────┐",
        "│GPU: Ready | Memory: 104GB free | Cache: 0.0MB (0 previews)                                                           │",
        "└──────────────────────────────────────────────────────────────────────────────────────────────────────────────────────┘",
    ],
    styles: [
        x: 0, y: 0, fg: Cyan, bg: Reset, underline: Reset, modifier: BOLD,
        x: 0, y: 3, fg: Reset, bg: Reset, underline: Reset, modifier: NONE,
        x: 1, y: 4, fg: Cyan, bg: Reset, underline: Reset, modifier: NONE,
        x: 2, y: 4, fg: White, bg: Reset, underline: Reset, modifier: BOLD,
        x: 10, y: 4, fg: Cyan, bg: Reset, underline: Reset, modifier: NONE,
        x: 119, y: 4, fg: Reset, bg: Reset, underline: Reset, modifier: NONE,
        x: 1, y: 5, fg: Cyan, bg: Reset, underline: Reset, modifier: NONE,
        x: 2, y: 5, fg: DarkGray, bg: Reset, underline: Reset, modifier: NONE,
        x: 27, y: 5, fg: Reset, bg: Reset, underline: Reset, modifier: NONE,
        x: 118, y: 5, fg: Cyan, bg: Reset, underline: Reset, modifier: NONE,
        x: 119, y: 5, fg: Reset, bg: Reset, underline: Reset, modifier: NONE,
        x: 1, y: 6, fg: Cyan, bg: Reset, underline: Reset, modifier: NONE,
        x: 2, y: 6, fg: Reset, bg: Reset, underline: Reset, modifier: NONE,
        x: 118, y: 6, fg: Cyan, bg: Reset, underline: Reset, modifier: NONE,
        x: 119, y: 6, fg: Reset, bg: Reset, underline: Reset, modifier: NONE,
        x: 1, y: 7, fg: Cyan, bg: Reset, underline: Reset, modifier: NONE,
        x: 2, y: 7, fg: Reset, bg: Reset, underline: Reset, modifier: NONE,
        x: 118, y: 7, fg: Cyan, bg: Reset, underline: Reset, modifier: NONE,
        x: 119, y: 7, fg: Reset, bg: Reset, underline: Reset, modifier: NONE,
        x: 1, y: 8, fg: Cyan, bg: Reset, underline: Reset, modifier: NONE,
        x: 119, y: 8, fg: Reset, bg: Reset, underline: Reset, modifier: NONE,
        x: 1, y: 9, fg: Cyan, bg: Reset, underline: Reset, modifier: NONE,
        x: 119, y: 9, fg: Reset, bg: Reset, underline: Reset, modifier: NONE,
        x: 1, y: 10, fg: Cyan, bg: Reset, underline: Reset, modifier: NONE,
        x: 2, y: 10, fg: White, bg: Reset, underline: Reset, modifier: NONE,
        x: 118, y: 10, fg: Cyan, bg: Reset, underline: Reset, modifier: NONE,
        x: 119, y: 10, fg: Reset, bg: Reset, underline: Reset, modifier: NONE,
        x: 1, y: 11, fg: Cyan, bg: Reset, underline: Reset, modifier: NONE,
        x: 119, y: 11, fg: Reset, bg: Reset, underline: Reset, modifier: NONE,
        x: 1, y: 12, fg: Cyan, bg: Reset, underline: Reset, modifier: NONE,
        x: 2, y: 12, fg: White, bg: Reset, underline: Reset, modifier: BOLD,
        x: 22, y: 12, fg: Cyan, bg: Reset, underline: Reset, modifier: NONE,
        x: 61, y: 12, fg: White, bg: Reset, underline: Reset, modifier: BOLD,
        x: 70, y: 12, fg: Cyan, bg: Reset, underline: Reset, modifier: NONE,
        x: 119, y: 12, fg: Reset, bg: Reset, underline: Reset, modifier: NONE,
        x: 1, y: 13, fg: Cyan, bg: Reset, underline: Reset, modifier: NONE,
        x: 2, y: 13, fg: Reset, bg: Reset, underline: Reset, modifier: NONE,
        x: 15, y: 13, fg: White, bg: Reset, underline: Reset, modifier: NONE,
        x: 17, y: 13, fg: Reset, bg: Reset, underline: Reset, modifier: NONE,
        x: 59, y: 13, fg: Cyan, bg: Reset, underline: Reset, modifier: NONE,
        x: 61, y: 13, fg: DarkGray, bg: Reset, underline: Reset, modifier: NONE,
        x: 118, y: 13, fg: Cyan, bg: Reset, underline: Reset, modifier: NONE,
        x: 119, y: 13, fg: Reset, bg: Reset, underline: Reset, modifier: NONE,
        x: 1, y: 14, fg: Cyan, bg: Reset, underline: Reset, modifier: NONE,
        x: 2, y: 14, fg: Reset, bg: Reset, underline: Reset, modifier: NONE,
        x: 15, y: 14, fg: White, bg: Reset, underline: Reset, modifier: NONE,
        x: 18, y: 14, fg: Reset, bg: Reset, underline: Reset, modifier: NONE,
        x: 59, y: 14, fg: Cyan, bg: Reset, underline: Reset, modifier: NONE,
        x: 61, y: 14, fg: DarkGray, bg: Reset, underline: Reset, modifier: NONE,
        x: 118, y: 14, fg: Cyan, bg: Reset, underline: Reset, modifier: NONE,
        x: 119, y: 14, fg: Reset, bg: Reset, underline: Reset, modifier: NONE,
        x: 1, y: 15, fg: Cyan, bg: Reset, underline: Reset, modifier: NONE,
        x: 2, y: 15, fg: Reset, bg: Reset, underline: Reset, modifier: NONE,
        x: 15, y: 15, fg: DarkGray, bg: Reset, underline: Reset, modifier: NONE,
        x: 21, y: 15, fg: Reset, bg: Reset, underline: Reset, modifier: NONE,
        x: 59, y: 15, fg: Cyan, bg: Reset, underline: Reset, modifier: NONE,
        x: 61, y: 15, fg: DarkGray, bg: Reset, underline: Reset, modifier: NONE,
        x: 118, y: 15, fg: Cyan, bg: Reset, underline: Reset, modifier: NONE,
        x: 119, y: 15, fg: Reset, bg: Reset, underline: Reset, modifier: NONE,
        x: 1, y: 16, fg: Cyan, bg: Reset, underline: Reset, modifier: NONE,
        x: 2, y: 16, fg: Reset, bg: Reset, underline: Reset, modifier: NONE,
        x: 15, y: 16, fg: White, bg: Reset, underline: Reset, modifier: NONE,
        x: 16, y: 16, fg: Reset, bg: Reset, underline: Reset, modifier: NONE,
        x: 59, y: 16, fg: Cyan, bg: Reset, underline: Reset, modifier: NONE,
        x: 61, y: 16, fg: DarkGray, bg: Reset, underline: Reset, modifier: NONE,
        x: 118, y: 16, fg: Cyan, bg: Reset, underline: Reset, modifier: NONE,
        x: 119, y: 16, fg: Reset, bg: Reset, underline: Reset, modifier: NONE,
        x: 1, y: 17, fg: Cyan, bg: Reset, underline: Reset, modifier: NONE,
        x: 2, y: 17, fg: Reset, bg: Reset, underline: Reset, modifier: NONE,
        x: 59, y: 17, fg: Cyan, bg: Reset, underline: Reset, modifier: NONE,
        x: 61, y: 17, fg: DarkGray, bg: Reset, underline: Reset, modifier: NONE,
        x: 118, y: 17, fg: Cyan, bg: Reset, underline: Reset, modifier: NONE,
        x: 119, y: 17, fg: Reset, bg: Reset, underline: Reset, modifier: NONE,
        x: 1, y: 18, fg: Cyan, bg: Reset, underline: Reset, modifier: NONE,
        x: 2, y: 18, fg: Reset, bg: Reset, underline: Reset, modifier: NONE,
        x: 59, y: 18, fg: Cyan, bg: Reset, underline: Reset, modifier: NONE,
        x: 61, y: 18, fg: DarkGray, bg: Reset, underline: Reset, modifier: NONE,
        x: 118, y: 18, fg: Cyan, bg: Reset, underline: Reset, modifier: NONE,
        x: 119, y: 18, fg: Reset, bg: Reset, underline: Reset, modifier: NONE,
        x: 1, y: 19, fg: Cyan, bg: Reset, underline: Reset, modifier: NONE,
        x: 2, y: 19, fg: Black, bg: Cyan, underline: Reset, modifier: BOLD,
        x: 14, y: 19, fg: White, bg: Reset, underline: Reset, modifier: NONE,
        x: 36, y: 19, fg: Reset, bg: Reset, underline: Reset, modifier: NONE,
        x: 59, y: 19, fg: Cyan, bg: Reset, underline: Reset, modifier: NONE,
        x: 61, y: 19, fg: DarkGray, bg: Reset, underline: Reset, modifier: NONE,
        x: 118, y: 19, fg: Cyan, bg: Reset, underline: Reset, modifier: NONE,
        x: 119, y: 19, fg: Reset, bg: Reset, underline: Reset, modifier: NONE,
        x: 1, y: 20, fg: Cyan, bg: Reset, underline: Reset, modifier: NONE,
        x: 2, y: 20, fg: Reset, bg: Reset, underline: Reset, modifier: NONE,
        x: 9, y: 20, fg: White, bg: Reset, underline: Reset, modifier: NONE,
        x: 17, y: 20, fg: Reset, bg: Reset, underline: Reset, modifier: NONE,
        x: 59, y: 20, fg: Cyan, bg: Reset, underline: Reset, modifier: NONE,
        x: 61, y: 20, fg: DarkGray, bg: Reset, underline: Reset, modifier: NONE,
        x: 118, y: 20, fg: Cyan, bg: Reset, underline: Reset, modifier: NONE,
        x: 119, y: 20, fg: Reset, bg: Reset, underline: Reset, modifier: NONE,
        x: 1, y: 21, fg: Cyan, bg: Reset, underline: Reset, modifier: NONE,
        x: 2, y: 21, fg: Reset, bg: Reset, underline: Reset, modifier: NONE,
        x: 12, y: 21, fg: Black, bg: Cyan, underline: Reset, modifier: BOLD,
        x: 15, y: 21, fg: Reset, bg: Reset, underline: Reset, modifier: NONE,
        x: 59, y: 21, fg: Cyan, bg: Reset, underline: Reset, modifier: NONE,
        x: 61, y: 21, fg: DarkGray, bg: Reset, underline: Reset, modifier: NONE,
        x: 118, y: 21, fg: Cyan, bg: Reset, underline: Reset, modifier: NONE,
        x: 119, y: 21, fg: Reset, bg: Reset, underline: Reset, modifier: NONE,
        x: 1, y: 22, fg: Cyan, bg: Reset, underline: Reset, modifier: NONE,
        x: 2, y: 22, fg: Reset, bg: Reset, underline: Reset, modifier: NONE,
        x: 59, y: 22, fg: Cyan, bg: Reset, underline: Reset, modifier: NONE,
        x: 61, y: 22, fg: DarkGray, bg: Reset, underline: Reset, modifier: NONE,
        x: 118, y: 22, fg: Cyan, bg: Reset, underline: Reset, modifier: NONE,
        x: 119, y: 22, fg: Reset, bg: Reset, underline: Reset, modifier: NONE,
        x: 1, y: 23, fg: Cyan, bg: Reset, underline: Reset, modifier: NONE,
        x: 2, y: 23, fg: Black, bg: Cyan, underline: Reset, modifier: NONE,
        x: 14, y: 23, fg: Reset, bg: Reset, underline: Reset, modifier: NONE,
        x: 16, y: 23, fg: Black, bg: Cyan, underline: Reset, modifier: NONE,
        x: 34, y: 23, fg: Reset, bg: Reset, underline: Reset, modifier: NONE,
        x: 59, y: 23, fg: Cyan, bg: Reset, underline: Reset, modifier: NONE,
        x: 61, y: 23, fg: DarkGray, bg: Reset, underline: Reset, modifier: NONE,
        x: 118, y: 23, fg: Cyan, bg: Reset, underline: Reset, modifier: NONE,
        x: 119, y: 23, fg: Reset, bg: Reset, underline: Reset, modifier: NONE,
        x: 1, y: 24, fg: Cyan, bg: Reset, underline: Reset, modifier: NONE,
        x: 2, y: 24, fg: Reset, bg: Reset, underline: Reset, modifier: NONE,
        x: 59, y: 24, fg: Cyan, bg: Reset, underline: Reset, modifier: NONE,
        x: 61, y: 24, fg: DarkGray, bg: Reset, underline: Reset, modifier: NONE,
        x: 118, y: 24, fg: Cyan, bg: Reset, underline: Reset, modifier: NONE,
        x: 119, y: 24, fg: Reset, bg: Reset, underline: Reset, modifier: NONE,
        x: 1, y: 25, fg: Cyan, bg: Reset, underline: Reset, modifier: NONE,
        x: 2, y: 25, fg: Reset, bg: Reset, underline: Reset, modifier: NONE,
        x: 59, y: 25, fg: Cyan, bg: Reset, underline: Reset, modifier: NONE,
        x: 61, y: 25, fg: DarkGray, bg: Reset, underline: Reset, modifier: NONE,
        x: 118, y: 25, fg: Cyan, bg: Reset, underline: Reset, modifier: NONE,
        x: 119, y: 25, fg: Reset, bg: Reset, underline: Reset, modifier: NONE,
        x: 1, y: 26, fg: Cyan, bg: Reset, underline: Reset, modifier: NONE,
        x: 2, y: 26, fg: Reset, bg: Reset, underline: Reset, modifier: NONE,
        x: 59, y: 26, fg: Cyan, bg: Reset, underline: Reset, modifier: NONE,
        x: 61, y: 26, fg: DarkGray, bg: Reset, underline: Reset, modifier: NONE,
        x: 118, y: 26, fg: Cyan, bg: Reset, underline: Reset, modifier: NONE,
        x: 119, y: 26, fg: Reset, bg: Reset, underline: Reset, modifier: NONE,
        x: 1, y: 27, fg: Cyan, bg: Reset, underline: Reset, modifier: NONE,
        x: 2, y: 27, fg: Reset, bg: Reset, underline: Reset, modifier: NONE,
        x: 59, y: 27, fg: Cyan, bg: Reset, underline: Reset, modifier: NONE,
        x: 61, y: 27, fg: DarkGray, bg: Reset, underline: Reset, modifier: NONE,
        x: 118, y: 27, fg: Cyan, bg: Reset, underline: Reset, modifier: NONE,
        x: 119, y: 27, fg: Reset, bg: Reset, underline: Reset, modifier: NONE,
        x: 1, y: 28, fg: Cyan, bg: Reset, underline: Reset, modifier: NONE,
        x: 2, y: 28, fg: Reset, bg: Reset, underline: Reset, modifier: NONE,
        x: 59, y: 28, fg: Cyan, bg: Reset, underline: Reset, modifier: NONE,
        x: 61, y: 28, fg: DarkGray, bg: Reset, underline: Reset, modifier: NONE,
        x: 118, y: 28, fg: Cyan, bg: Reset, underline: Reset, modifier: NONE,
        x: 119, y: 28, fg: Reset, bg: Reset, underline: Reset, modifier: NONE,
        x: 1, y: 29, fg: Cyan, bg: Reset, underline: Reset, modifier: NONE,
        x: 119, y: 29, fg: Reset, bg: Reset, underline: Reset, modifier: NONE,
        x: 1, y: 30, fg: Cyan, bg: Reset, underline: Reset, modifier: NONE,
        x: 2, y: 30, fg: White, bg: Reset, underline: Reset, modifier: BOLD,
        x: 22, y: 30, fg: Cyan, bg: Reset, underline: Reset, modifier: NONE,
        x: 119, y: 30, fg: Reset, bg: Reset, underline: Reset, modifier: NONE,
        x: 1, y: 31, fg: Cyan, bg: Reset, underline: Reset, modifier: NONE,
        x: 2, y: 31, fg: DarkGray, bg: Reset, underline: Reset, modifier: NONE,
        x: 23, y: 31, fg: Reset, bg: Reset, underline: Reset, modifier: NONE,
        x: 118, y: 31, fg: Cyan, bg: Reset, underline: Reset, modifier: NONE,
        x: 119, y: 31, fg: Reset, bg: Reset, underline: Reset, modifier: NONE,
        x: 1, y: 32, fg: Cyan, bg: Reset, underline: Reset, modifier: NONE,
        x: 2, y: 32, fg: Reset, bg: Reset, underline: Reset, modifier: NONE,
        x: 118, y: 32, fg: Cyan, bg: Reset, underline: Reset, modifier: NONE,
        x: 119, y: 32, fg: Reset, bg: Reset, underline: Reset, modifier: NONE,
        x: 1, y: 33, fg: Cyan, bg: Reset, underline: Reset, modifier: NONE,
        x: 2, y: 33, fg: Reset, bg: Reset, underline: Reset, modifier: NONE,
        x: 118, y: 33, fg: Cyan, bg: Reset, underline: Reset, modifier: NONE,
        x: 119, y: 33, fg: Reset, bg: Reset, underline: Reset, modifier: NONE,
        x: 1, y: 34, fg: Cyan, bg: Reset, underline: Reset, modifier: NONE,
        x: 2, y: 34, fg: Reset, bg: Reset, underline: Reset, modifier: NONE,
        x: 118, y: 34, fg: Cyan, bg: Reset, underline: Reset, modifier: NONE,
        x: 119, y: 34, fg: Reset, bg: Reset, underline: Reset, modifier: NONE,
        x: 1, y: 35, fg: Cyan, bg: Reset, underline: Reset, modifier: NONE,
        x: 119, y: 35, fg: Reset, bg: Reset, underline: Reset, modifier: NONE,
        x: 0, y: 37, fg: White, bg: DarkGray, underline: Reset, modifier: NONE,
    ]
}
