---
source: tests/snapshot_screens_test.rs
expression: "format!(\"{:?}\", buffer)"
---
Buffer {
    area: Rect { x: 0, y: 0, width: 120, height: 40 },
    content: [
        "┌──────────────────────────────────────────────────────────────────────────────────────────────────────────────────────┐",
        "│ DGX-Pixels v0.1.0 - Settings | [Q]uit [?]Help [1-7]Screens                                                           │",
        "└──────────────────────────────────────────────────────────────────────────────────────────────────────────────────────┘",
        "┌ Settings ────────────────────────────────────────────────────────────────────────────────────────────────────────────┐",
        "│                                                                                                                      │",
        "│General Settings:                                                                                                     │",
        "│  Theme: Default                                                                                                      │",
        "│  Auto-save: Enabled                                                                                                  │",
        "│                                                                                                                      │",
        "│Generation Defaults:                                                                                                  │",
        "│  Model: SDXL Base                                                                                                    │",
        "│  Steps: 30                                                                                                           │",
        "│  CFG Scale: 7.5                                                                                                      │",
        "│                                                                                                                      │",
        "│Paths:                                                                                                                │",
        "│  Output: ./output                                                                                                    │",
        "│  Models: ./models                                                                                                    │",
        "│                                                                                                                      │",
        "│                                                                                                                      │",
        "│                                                                                                                      │",
        "│                                                                                                                      │",
        "│                                                                                                                      │",
        "│                                                                                                                      │",
        "│                                                                                                                      │",
        "│                                                                                                                      │",
        "│                                                                                                                      │",
        "│                                                                                                                      │",
        "│                                                                                                                      │",
        "│                                                                                                                      │",
        "│                                                                                                                      │",
        "│                                                                                                                      │",
        "│                                                                                                                      │",
        "│                                                                                                                      │",
        "│                                                                                                                      │",
        "│                                                                                                                      │",
        "│                                                                                                                      │",
        "└──────────────────────────────────────────────────────────────────────────────────────────────────────────────────────┘",
        "┌──────────────────────────────────────────────────────────────────────────────────────────────────────────────────────┐",
        "│Config: ~/.config/dgx-pixels/config.toml                                                                              │",
        "└──────────────────────────────────────────────────────────────────────────────────────────────────────────────────────┘",
    ],
    styles: [
        x: 0, y: 0, fg: Cyan, bg: Reset, underline: Reset, modifier: BOLD,
        x: 0, y: 3, fg: Cyan, bg: Reset, underline: Reset, modifier: NONE,
        x: 1, y: 3, fg: White, bg: Reset, underline: Reset, modifier: BOLD,
        x: 11, y: 3, fg: Cyan, bg: Reset, underline: Reset, modifier: NONE,
        x: 1, y: 4, fg: White, bg: Reset, underline: Reset, modifier: NONE,
        x: 119, y: 4, fg: Cyan, bg: Reset, underline: Reset, modifier: NONE,
        x: 1, y: 5, fg: White, bg: Reset, underline: Reset, modifier: NONE,
        x: 119, y: 5, fg: Cyan, bg: Reset, underline: Reset, modifier: NONE,
        x: 1, y: 6, fg: White, bg: Reset, underline: Reset, modifier: NONE,
        x: 119, y: 6, fg: Cyan, bg: Reset, underline: Reset, modifier: NONE,
        x: 1, y: 7, fg: White, bg: Reset, underline: Reset, modifier: NONE,
        x: 119, y: 7, fg: Cyan, bg: Reset, underline: Reset, modifier: NONE,
        x: 1, y: 8, fg: White, bg: Reset, underline: Reset, modifier: NONE,
        x: 119, y: 8, fg: Cyan, bg: Reset, underline: Reset, modifier: NONE,
        x: 1, y: 9, fg: White, bg: Reset, underline: Reset, modifier: NONE,
        x: 119, y: 9, fg: Cyan, bg: Reset, underline: Reset, modifier: NONE,
        x: 1, y: 10, fg: White, bg: Reset, underline: Reset, modifier: NONE,
        x: 119, y: 10, fg: Cyan, bg: Reset, underline: Reset, modifier: NONE,
        x: 1, y: 11, fg: White, bg: Reset, underline: Reset, modifier: NONE,
        x: 119, y: 11, fg: Cyan, bg: Reset, underline: Reset, modifier: NONE,
        x: 1, y: 12, fg: White, bg: Reset, underline: Reset, modifier: NONE,
        x: 119, y: 12, fg: Cyan, bg: Reset, underline: Reset, modifier: NONE,
        x: 1, y: 13, fg: White, bg: Reset, underline: Reset, modifier: NONE,
        x: 119, y: 13, fg: Cyan, bg: Reset, underline: Reset, modifier: NONE,
        x: 1, y: 14, fg: White, bg: Reset, underline: Reset, modifier: NONE,
        x: 119, y: 14, fg: Cyan, bg: Reset, underline: Reset, modifier: NONE,
        x: 1, y: 15, fg: White, bg: Reset, underline: Reset, modifier: NONE,
        x: 119, y: 15, fg: Cyan, bg: Reset, underline: Reset, modifier: NONE,
        x: 1, y: 16, fg: White, bg: Reset, underline: Reset, modifier: NONE,
        x: 119, y: 16, fg: Cyan, bg: Reset, underline: Reset, modifier: NONE,
        x: 1, y: 17, fg: White, bg: Reset, underline: Reset, modifier: NONE,
        x: 119, y: 17, fg: Cyan, bg: Reset, underline: Reset, modifier: NONE,
        x: 1, y: 18, fg: White, bg: Reset, underline: Reset, modifier: NONE,
        x: 119, y: 18, fg: Cyan, bg: Reset, underline: Reset, modifier: NONE,
        x: 1, y: 19, fg: White, bg: Reset, underline: Reset, modifier: NONE,
        x: 119, y: 19, fg: Cyan, bg: Reset, underline: Reset, modifier: NONE,
        x: 1, y: 20, fg: White, bg: Reset, underline: Reset, modifier: NONE,
        x: 119, y: 20, fg: Cyan, bg: Reset, underline: Reset, modifier: NONE,
        x: 1, y: 21, fg: White, bg: Reset, underline: Reset, modifier: NONE,
        x: 119, y: 21, fg: Cyan, bg: Reset, underline: Reset, modifier: NONE,
        x: 1, y: 22, fg: White, bg: Reset, underline: Reset, modifier: NONE,
        x: 119, y: 22, fg: Cyan, bg: Reset, underline: Reset, modifier: NONE,
        x: 1, y: 23, fg: White, bg: Reset, underline: Reset, modifier: NONE,
        x: 119, y: 23, fg: Cyan, bg: Reset, underline: Reset, modifier: NONE,
        x: 1, y: 24, fg: White, bg: Reset, underline: Reset, modifier: NONE,
        x: 119, y: 24, fg: Cyan, bg: Reset, underline: Reset, modifier: NONE,
        x: 1, y: 25, fg: White, bg: Reset, underline: Reset, modifier: NONE,
        x: 119, y: 25, fg: Cyan, bg: Reset, underline: Reset, modifier: NONE,
        x: 1, y: 26, fg: White, bg: Reset, underline: Reset, modifier: NONE,
        x: 119, y: 26, fg: Cyan, bg: Reset, underline: Reset, modifier: NONE,
        x: 1, y: 27, fg: White, bg: Reset, underline: Reset, modifier: NONE,
        x: 119, y: 27, fg: Cyan, bg: Reset, underline: Reset, modifier: NONE,
        x: 1, y: 28, fg: White, bg: Reset, underline: Reset, modifier: NONE,
        x: 119, y: 28, fg: Cyan, bg: Reset, underline: Reset, modifier: NONE,
        x: 1, y: 29, fg: White, bg: Reset, underline: Reset, modifier: NONE,
        x: 119, y: 29, fg: Cyan, bg: Reset, underline: Reset, modifier: NONE,
        x: 1, y: 30, fg: White, bg: Reset, underline: Reset, modifier: NONE,
        x: 119, y: 30, fg: Cyan, bg: Reset, underline: Reset, modifier: NONE,
        x: 1, y: 31, fg: White, bg: Reset, underline: Reset, modifier: NONE,
        x: 119, y: 31, fg: Cyan, bg: Reset, underline: Reset, modifier: NONE,
        x: 1, y: 32, fg: White, bg: Reset, underline: Reset, modifier: NONE,
        x: 119, y: 32, fg: Cyan, bg: Reset, underline: Reset, modifier: NONE,
        x: 1, y: 33, fg: White, bg: Reset, underline: Reset, modifier: NONE,
        x: 119, y: 33, fg: Cyan, bg: Reset, underline: Reset, modifier: NONE,
        x: 1, y: 34, fg: White, bg: Reset, underline: Reset, modifier: NONE,
        x: 119, y: 34, fg: Cyan, bg: Reset, underline: Reset, modifier: NONE,
        x: 1, y: 35, fg: White, bg: Reset, underline: Reset, modifier: NONE,
        x: 119, y: 35, fg: Cyan, bg: Reset, underline: Reset, modifier: NONE,
        x: 0, y: 37, fg: White, bg: DarkGray, underline: Reset, modifier: NONE,
    ]
}
