---
source: tests/snapshot_screens_test.rs
expression: "format!(\"{:?}\", buffer)"
---
Buffer {
    area: Rect { x: 0, y: 0, width: 80, height: 24 },
    content: [
        "┌──────────────────────────────────────────────────────────────────────────────┐",
        "│ DGX-Pixels v0.1.0 - Job Queue | [Q]uit [?]Help [1-7]Screens                  │",
        "└──────────────────────────────────────────────────────────────────────────────┘",
        "                                                                                ",
        " ┌ Active Jobs (0) ───────────────────────────────────────────────────────────┐ ",
        " │                                                                            │ ",
        " │No active jobs                                                              │ ",
        " │                                                                            │ ",
        " │                                                                            │ ",
        " └────────────────────────────────────────────────────────────────────────────┘ ",
        " ┌ Completed Jobs (0) ────────────────────────────────────────────────────────┐ ",
        " │                                                                            │ ",
        " │No completed jobs                                                           │ ",
        " │                                                                            │ ",
        " │                                                                            │ ",
        " │                                                                            │ ",
        " └────────────────────────────────────────────────────────────────────────────┘ ",
        " ┌ Queue Statistics ──────────────────────────────────────────────────────────┐ ",
        " │Total Jobs: 0  |  Avg Time: --  |  Success Rate: --                         │ ",
        " └────────────────────────────────────────────────────────────────────────────┘ ",
        "                                                                                ",
        "┌──────────────────────────────────────────────────────────────────────────────┐",
        "│Active: 0 | Queued: 0 | Completed: 0 | Failed: 0                              │",
        "└──────────────────────────────────────────────────────────────────────────────┘",
    ],
    styles: [
        x: 0, y: 0, fg: Cyan, bg: Reset, underline: Reset, modifier: BOLD,
        x: 0, y: 3, fg: Reset, bg: Reset, underline: Reset, modifier: NONE,
        x: 1, y: 4, fg: Cyan, bg: Reset, underline: Reset, modifier: NONE,
        x: 2, y: 4, fg: White, bg: Reset, underline: Reset, modifier: BOLD,
        x: 19, y: 4, fg: Cyan, bg: Reset, underline: Reset, modifier: NONE,
        x: 79, y: 4, fg: Reset, bg: Reset, underline: Reset, modifier: NONE,
        x: 1, y: 5, fg: Cyan, bg: Reset, underline: Reset, modifier: NONE,
        x: 2, y: 5, fg: Reset, bg: Reset, underline: Reset, modifier: NONE,
        x: 78, y: 5, fg: Cyan, bg: Reset, underline: Reset, modifier: NONE,
        x: 79, y: 5, fg: Reset, bg: Reset, underline: Reset, modifier: NONE,
        x: 1, y: 6, fg: Cyan, bg: Reset, underline: Reset, modifier: NONE,
        x: 2, y: 6, fg: DarkGray, bg: Reset, underline: Reset, modifier: NONE,
        x: 16, y: 6, fg: Reset, bg: Reset, underline: Reset, modifier: NONE,
        x: 78, y: 6, fg: Cyan, bg: Reset, underline: Reset, modifier: NONE,
        x: 79, y: 6, fg: Reset, bg: Reset, underline: Reset, modifier: NONE,
        x: 1, y: 7, fg: Cyan, bg: Reset, underline: Reset, modifier: NONE,
        x: 2, y: 7, fg: Reset, bg: Reset, underline: Reset, modifier: NONE,
        x: 78, y: 7, fg: Cyan, bg: Reset, underline: Reset, modifier: NONE,
        x: 79, y: 7, fg: Reset, bg: Reset, underline: Reset, modifier: NONE,
        x: 1, y: 8, fg: Cyan, bg: Reset, underline: Reset, modifier: NONE,
        x: 2, y: 8, fg: Reset, bg: Reset, underline: Reset, modifier: NONE,
        x: 78, y: 8, fg: Cyan, bg: Reset, underline: Reset, modifier: NONE,
        x: 79, y: 8, fg: Reset, bg: Reset, underline: Reset, modifier: NONE,
        x: 1, y: 9, fg: Cyan, bg: Reset, underline: Reset, modifier: NONE,
        x: 79, y: 9, fg: Reset, bg: Reset, underline: Reset, modifier: NONE,
        x: 1, y: 10, fg: Cyan, bg: Reset, underline: Reset, modifier: NONE,
        x: 2, y: 10, fg: White, bg: Reset, underline: Reset, modifier: BOLD,
        x: 22, y: 10, fg: Cyan, bg: Reset, underline: Reset, modifier: NONE,
        x: 79, y: 10, fg: Reset, bg: Reset, underline: Reset, modifier: NONE,
        x: 1, y: 11, fg: Cyan, bg: Reset, underline: Reset, modifier: NONE,
        x: 2, y: 11, fg: Reset, bg: Reset, underline: Reset, modifier: NONE,
        x: 78, y: 11, fg: Cyan, bg: Reset, underline: Reset, modifier: NONE,
        x: 79, y: 11, fg: Reset, bg: Reset, underline: Reset, modifier: NONE,
        x: 1, y: 12, fg: Cyan, bg: Reset, underline: Reset, modifier: NONE,
        x: 2, y: 12, fg: DarkGray, bg: Reset, underline: Reset, modifier: NONE,
        x: 19, y: 12, fg: Reset, bg: Reset, underline: Reset, modifier: NONE,
        x: 78, y: 12, fg: Cyan, bg: Reset, underline: Reset, modifier: NONE,
        x: 79, y: 12, fg: Reset, bg: Reset, underline: Reset, modifier: NONE,
        x: 1, y: 13, fg: Cyan, bg: Reset, underline: Reset, modifier: NONE,
        x: 2, y: 13, fg: Reset, bg: Reset, underline: Reset, modifier: NONE,
        x: 78, y: 13, fg: Cyan, bg: Reset, underline: Reset, modifier: NONE,
        x: 79, y: 13, fg: Reset, bg: Reset, underline: Reset, modifier: NONE,
        x: 1, y: 14, fg: Cyan, bg: Reset, underline: Reset, modifier: NONE,
        x: 2, y: 14, fg: Reset, bg: Reset, underline: Reset, modifier: NONE,
        x: 78, y: 14, fg: Cyan, bg: Reset, underline: Reset, modifier: NONE,
        x: 79, y: 14, fg: Reset, bg: Reset, underline: Reset, modifier: NONE,
        x: 1, y: 15, fg: Cyan, bg: Reset, underline: Reset, modifier: NONE,
        x: 2, y: 15, fg: Reset, bg: Reset, underline: Reset, modifier: NONE,
        x: 78, y: 15, fg: Cyan, bg: Reset, underline: Reset, modifier: NONE,
        x: 79, y: 15, fg: Reset, bg: Reset, underline: Reset, modifier: NONE,
        x: 1, y: 16, fg: Cyan, bg: Reset, underline: Reset, modifier: NONE,
        x: 79, y: 16, fg: Reset, bg: Reset, underline: Reset, modifier: NONE,
        x: 1, y: 17, fg: Cyan, bg: Reset, underline: Reset, modifier: NONE,
        x: 2, y: 17, fg: White, bg: Reset, underline: Reset, modifier: BOLD,
        x: 20, y: 17, fg: Cyan, bg: Reset, underline: Reset, modifier: NONE,
        x: 79, y: 17, fg: Reset, bg: Reset, underline: Reset, modifier: NONE,
        x: 1, y: 18, fg: Cyan, bg: Reset, underline: Reset, modifier: NONE,
        x: 2, y: 18, fg: Reset, bg: Reset, underline: Reset, modifier: NONE,
        x: 14, y: 18, fg: White, bg: Reset, underline: Reset, modifier: NONE,
        x: 15, y: 18, fg: Reset, bg: Reset, underline: Reset, modifier: NONE,
        x: 30, y: 18, fg: DarkGray, bg: Reset, underline: Reset, modifier: NONE,
        x: 32, y: 18, fg: Reset, bg: Reset, underline: Reset, modifier: NONE,
        x: 51, y: 18, fg: DarkGray, bg: Reset, underline: Reset, modifier: NONE,
        x: 53, y: 18, fg: Reset, bg: Reset, underline: Reset, modifier: NONE,
        x: 78, y: 18, fg: Cyan, bg: Reset, underline: Reset, modifier: NONE,
        x: 79, y: 18, fg: Reset, bg: Reset, underline: Reset, modifier: NONE,
        x: 1, y: 19, fg: Cyan, bg: Reset, underline: Reset, modifier: NONE,
        x: 79, y: 19, fg: Reset, bg: Reset, underline: Reset, modifier: NONE,
        x: 0, y: 21, fg: White, bg: DarkGray, underline: Reset, modifier: NONE,
    ]
}
