---
source: tests/snapshot_screens_test.rs
expression: "format!(\"{:?}\", buffer)"
---
Buffer {
    area: Rect { x: 0, y: 0, width: 80, height: 24 },
    content: [
        "┌──────────────────────────────────────────────────────────────────────────────┐",
        "│ DGX-Pixels v0.1.0 - Help | [Q]uit [?]Help [1-7]Screens                       │",
        "└──────────────────────────────────────────────────────────────────────────────┘",
        "┌ Help & Keyboard Shortcuts ───────────────────────────────────────────────────┐",
        "│                                                                              │",
        "│Keyboard Shortcuts                                                            │",
        "│                                                                              │",
        "│  Global:                                                                     │",
        "│    Q         - Quit application                                              │",
        "│    Esc       - Back to previous screen                                       │",
        "│    ? or H    - Show this help screen                                         │",
        "│                                                                              │",
        "│  Navigation:                                                                 │",
        "│    1         - Generation screen                                             │",
        "│    2         - Queue manager                                                 │",
        "│    3         - Gallery                                                       │",
        "│    4         - Model manager                                                 │",
        "│    5         - System monitor                                                │",
        "│    6         - Settings                                                      │",
        "│                                                                              │",
        "└──────────────────────────────────────────────────────────────────────────────┘",
        "┌──────────────────────────────────────────────────────────────────────────────┐",
        "│DGX-Pixels v0.1.0 | Press Esc to return                                       │",
        "└──────────────────────────────────────────────────────────────────────────────┘",
    ],
    styles: [
        x: 0, y: 0, fg: Cyan, bg: Reset, underline: Reset, modifier: BOLD,
        x: 0, y: 3, fg: Cyan, bg: Reset, underline: Reset, modifier: NONE,
        x: 1, y: 3, fg: White, bg: Reset, underline: Reset, modifier: BOLD,
        x: 28, y: 3, fg: Cyan, bg: Reset, underline: Reset, modifier: NONE,
        x: 1, y: 4, fg: Reset, bg: Reset, underline: Reset, modifier: NONE,
        x: 79, y: 4, fg: Cyan, bg: Reset, underline: Reset, modifier: NONE,
        x: 1, y: 5, fg: Cyan, bg: Reset, underline: Reset, modifier: BOLD,
        x: 19, y: 5, fg: Reset, bg: Reset, underline: Reset, modifier: NONE,
        x: 79, y: 5, fg: Cyan, bg: Reset, underline: Reset, modifier: NONE,
        x: 1, y: 6, fg: Reset, bg: Reset, underline: Reset, modifier: NONE,
        x: 79, y: 6, fg: Cyan, bg: Reset, underline: Reset, modifier: NONE,
        x: 1, y: 7, fg: White, bg: Reset, underline: Reset, modifier: BOLD,
        x: 10, y: 7, fg: Reset, bg: Reset, underline: Reset, modifier: NONE,
        x: 79, y: 7, fg: Cyan, bg: Reset, underline: Reset, modifier: NONE,
        x: 1, y: 8, fg: Reset, bg: Reset, underline: Reset, modifier: NONE,
        x: 79, y: 8, fg: Cyan, bg: Reset, underline: Reset, modifier: NONE,
        x: 1, y: 9, fg: Reset, bg: Reset, underline: Reset, modifier: NONE,
        x: 79, y: 9, fg: Cyan, bg: Reset, underline: Reset, modifier: NONE,
        x: 1, y: 10, fg: Reset, bg: Reset, underline: Reset, modifier: NONE,
        x: 79, y: 10, fg: Cyan, bg: Reset, underline: Reset, modifier: NONE,
        x: 1, y: 11, fg: Reset, bg: Reset, underline: Reset, modifier: NONE,
        x: 79, y: 11, fg: Cyan, bg: Reset, underline: Reset, modifier: NONE,
        x: 1, y: 12, fg: White, bg: Reset, underline: Reset, modifier: BOLD,
        x: 14, y: 12, fg: Reset, bg: Reset, underline: Reset, modifier: NONE,
        x: 79, y: 12, fg: Cyan, bg: Reset, underline: Reset, modifier: NONE,
        x: 1, y: 13, fg: Reset, bg: Reset, underline: Reset, modifier: NONE,
        x: 79, y: 13, fg: Cyan, bg: Reset, underline: Reset, modifier: NONE,
        x: 1, y: 14, fg: Reset, bg: Reset, underline: Reset, modifier: NONE,
        x: 79, y: 14, fg: Cyan, bg: Reset, underline: Reset, modifier: NONE,
        x: 1, y: 15, fg: Reset, bg: Reset, underline: Reset, modifier: NONE,
        x: 79, y: 15, fg: Cyan, bg: Reset, underline: Reset, modifier: NONE,
        x: 1, y: 16, fg: Reset, bg: Reset, underline: Reset, modifier: NONE,
        x: 79, y: 16, fg: Cyan, bg: Reset, underline: Reset, modifier: NONE,
        x: 1, y: 17, fg: Reset, bg: Reset, underline: Reset, modifier: NONE,
        x: 79, y: 17, fg: Cyan, bg: Reset, underline: Reset, modifier: NONE,
        x: 1, y: 18, fg: Reset, bg: Reset, underline: Reset, modifier: NONE,
        x: 79, y: 18, fg: Cyan, bg: Reset, underline: Reset, modifier: NONE,
        x: 1, y: 19, fg: Reset, bg: Reset, underline: Reset, modifier: NONE,
        x: 79, y: 19, fg: Cyan, bg: Reset, underline: Reset, modifier: NONE,
        x: 0, y: 21, fg: White, bg: DarkGray, underline: Reset, modifier: NONE,
    ]
}
