---
source: tests/snapshot_screens_test.rs
expression: "format!(\"{:?}\", buffer)"
---
Buffer {
    area: Rect { x: 0, y: 0, width: 80, height: 24 },
    content: [
        "┌──────────────────────────────────────────────────────────────────────────────┐",
        "│ DGX-Pixels v0.1.0 - Settings | [Q]uit [?]Help [1-7]Screens                   │",
        "└──────────────────────────────────────────────────────────────────────────────┘",
        "┌ Settings ────────────────────────────────────────────────────────────────────┐",
        "│                                                                              │",
        "│General Settings:                                                             │",
        "│  Theme: Default                                                              │",
        "│  Auto-save: Enabled                                                          │",
        "│                                                                              │",
        "│Generation Defaults:                                                          │",
        "│  Model: SDXL Base                                                            │",
        "│  Steps: 30                                                                   │",
        "│  CFG Scale: 7.5                                                              │",
        "│                                                                              │",
        "│Paths:                                                                        │",
        "│  Output: ./output                                                            │",
        "│  Models: ./models                                                            │",
        "│                                                                              │",
        "│                                                                              │",
        "│                                                                              │",
        "└──────────────────────────────────────────────────────────────────────────────┘",
        "┌──────────────────────────────────────────────────────────────────────────────┐",
        "│Config: ~/.config/dgx-pixels/config.toml                                      │",
        "└──────────────────────────────────────────────────────────────────────────────┘",
    ],
    styles: [
        x: 0, y: 0, fg: Cyan, bg: Reset, underline: Reset, modifier: BOLD,
        x: 0, y: 3, fg: Cyan, bg: Reset, underline: Reset, modifier: NONE,
        x: 1, y: 3, fg: White, bg: Reset, underline: Reset, modifier: BOLD,
        x: 11, y: 3, fg: Cyan, bg: Reset, underline: Reset, modifier: NONE,
        x: 1, y: 4, fg: White, bg: Reset, underline: Reset, modifier: NONE,
        x: 79, y: 4, fg: Cyan, bg: Reset, underline: Reset, modifier: NONE,
        x: 1, y: 5, fg: White, bg: Reset, underline: Reset, modifier: NONE,
        x: 79, y: 5, fg: Cyan, bg: Reset, underline: Reset, modifier: NONE,
        x: 1, y: 6, fg: White, bg: Reset, underline: Reset, modifier: NONE,
        x: 79, y: 6, fg: Cyan, bg: Reset, underline: Reset, modifier: NONE,
        x: 1, y: 7, fg: White, bg: Reset, underline: Reset, modifier: NONE,
        x: 79, y: 7, fg: Cyan, bg: Reset, underline: Reset, modifier: NONE,
        x: 1, y: 8, fg: White, bg: Reset, underline: Reset, modifier: NONE,
        x: 79, y: 8, fg: Cyan, bg: Reset, underline: Reset, modifier: NONE,
        x: 1, y: 9, fg: White, bg: Reset, underline: Reset, modifier: NONE,
        x: 79, y: 9, fg: Cyan, bg: Reset, underline: Reset, modifier: NONE,
        x: 1, y: 10, fg: White, bg: Reset, underline: Reset, modifier: NONE,
        x: 79, y: 10, fg: Cyan, bg: Reset, underline: Reset, modifier: NONE,
        x: 1, y: 11, fg: White, bg: Reset, underline: Reset, modifier: NONE,
        x: 79, y: 11, fg: Cyan, bg: Reset, underline: Reset, modifier: NONE,
        x: 1, y: 12, fg: White, bg: Reset, underline: Reset, modifier: NONE,
        x: 79, y: 12, fg: Cyan, bg: Reset, underline: Reset, modifier: NONE,
        x: 1, y: 13, fg: White, bg: Reset, underline: Reset, modifier: NONE,
        x: 79, y: 13, fg: Cyan, bg: Reset, underline: Reset, modifier: NONE,
        x: 1, y: 14, fg: White, bg: Reset, underline: Reset, modifier: NONE,
        x: 79, y: 14, fg: Cyan, bg: Reset, underline: Reset, modifier: NONE,
        x: 1, y: 15, fg: White, bg: Reset, underline: Reset, modifier: NONE,
        x: 79, y: 15, fg: Cyan, bg: Reset, underline: Reset, modifier: NONE,
        x: 1, y: 16, fg: White, bg: Reset, underline: Reset, modifier: NONE,
        x: 79, y: 16, fg: Cyan, bg: Reset, underline: Reset, modifier: NONE,
        x: 1, y: 17, fg: White, bg: Reset, underline: Reset, modifier: NONE,
        x: 79, y: 17, fg: Cyan, bg: Reset, underline: Reset, modifier: NONE,
        x: 1, y: 18, fg: White, bg: Reset, underline: Reset, modifier: NONE,
        x: 79, y: 18, fg: Cyan, bg: Reset, underline: Reset, modifier: NONE,
        x: 1, y: 19, fg: White, bg: Reset, underline: Reset, modifier: NONE,
        x: 79, y: 19, fg: Cyan, bg: Reset, underline: Reset, modifier: NONE,
        x: 0, y: 21, fg: White, bg: DarkGray, underline: Reset, modifier: NONE,
    ]
}
