---
source: tests/snapshot_gallery_test.rs
expression: "format!(\"{:?}\", buffer)"
---
Buffer {
    area: Rect { x: 0, y: 0, width: 120, height: 40 },
    content: [
        "┌──────────────────────────────────────────────────────────────────────────────────────────────────────────────────────┐",
        "│ DGX-Pixels v0.1.0 - Gallery | [Q]uit [?]Help [1-7]Screens                                                            │",
        "└──────────────────────────────────────────────────────────────────────────────────────────────────────────────────────┘",
        "                                                                                                                        ",
        " ┌ Preview ────────────────────────────────────────────────────────────────────────┐┌ Images ─────────────────────────┐ ",
        " │                                                                                 ││> sprite_000.png                 │ ",
        " │                                                                                 ││  sprite_001.png                 │ ",
        " │                               Loading preview...                                ││  sprite_002.png                 │ ",
        " │                                                                                 ││  sprite_003.png                 │ ",
        " │                                   Please wait                                   ││  sprite_004.png                 │ ",
        " │                                                                                 ││                                 │ ",
        " │                                                                                 ││                                 │ ",
        " │                                                                                 ││                                 │ ",
        " │                                                                                 ││                                 │ ",
        " │                                                                                 ││                                 │ ",
        " │                                                                                 ││                                 │ ",
        " │                                                                                 ││                                 │ ",
        " │                                                                                 ││                                 │ ",
        " │                                                                                 ││                                 │ ",
        " │                                                                                 ││                                 │ ",
        " │                                                                                 ││                                 │ ",
        " │                                                                                 ││                                 │ ",
        " │                                                                                 ││                                 │ ",
        " │                                                                                 ││                                 │ ",
        " │                                                                                 ││                                 │ ",
        " │                                                                                 ││                                 │ ",
        " │                                                                                 ││                                 │ ",
        " │                                                                                 ││                                 │ ",
        " │                                                                                 ││                                 │ ",
        " │                                                                                 ││                                 │ ",
        " │                                                                                 ││                                 │ ",
        " │                                                                                 ││                                 │ ",
        " │                                                                                 ││                                 │ ",
        " │                                                                                 ││                                 │ ",
        " │                                                                                 ││                                 │ ",
        " └─────────────────────────────────────────────────────────────────────────────────┘└─────────────────────────────────┘ ",
        "                                                                                                                        ",
        "┌──────────────────────────────────────────────────────────────────────────────────────────────────────────────────────┐",
        "│Total: 15 images | Space: 0 MB | Arrow keys to navigate                                                               │",
        "└──────────────────────────────────────────────────────────────────────────────────────────────────────────────────────┘",
    ],
    styles: [
        x: 0, y: 0, fg: Cyan, bg: Reset, underline: Reset, modifier: BOLD,
        x: 0, y: 3, fg: Reset, bg: Reset, underline: Reset, modifier: NONE,
        x: 1, y: 4, fg: Cyan, bg: Reset, underline: Reset, modifier: NONE,
        x: 2, y: 4, fg: White, bg: Reset, underline: Reset, modifier: BOLD,
        x: 11, y: 4, fg: Cyan, bg: Reset, underline: Reset, modifier: NONE,
        x: 85, y: 4, fg: White, bg: Reset, underline: Reset, modifier: BOLD,
        x: 93, y: 4, fg: Cyan, bg: Reset, underline: Reset, modifier: NONE,
        x: 119, y: 4, fg: Reset, bg: Reset, underline: Reset, modifier: NONE,
        x: 1, y: 5, fg: Cyan, bg: Reset, underline: Reset, modifier: NONE,
        x: 2, y: 5, fg: Reset, bg: Reset, underline: Reset, modifier: NONE,
        x: 83, y: 5, fg: Cyan, bg: Reset, underline: Reset, modifier: NONE,
        x: 85, y: 5, fg: Reset, bg: Reset, underline: Reset, modifier: NONE,
        x: 87, y: 5, fg: Black, bg: Cyan, underline: Reset, modifier: BOLD,
        x: 101, y: 5, fg: Reset, bg: Reset, underline: Reset, modifier: NONE,
        x: 118, y: 5, fg: Cyan, bg: Reset, underline: Reset, modifier: NONE,
        x: 119, y: 5, fg: Reset, bg: Reset, underline: Reset, modifier: NONE,
        x: 1, y: 6, fg: Cyan, bg: Reset, underline: Reset, modifier: NONE,
        x: 2, y: 6, fg: Reset, bg: Reset, underline: Reset, modifier: NONE,
        x: 83, y: 6, fg: Cyan, bg: Reset, underline: Reset, modifier: NONE,
        x: 85, y: 6, fg: Reset, bg: Reset, underline: Reset, modifier: NONE,
        x: 87, y: 6, fg: White, bg: Reset, underline: Reset, modifier: NONE,
        x: 101, y: 6, fg: Reset, bg: Reset, underline: Reset, modifier: NONE,
        x: 118, y: 6, fg: Cyan, bg: Reset, underline: Reset, modifier: NONE,
        x: 119, y: 6, fg: Reset, bg: Reset, underline: Reset, modifier: NONE,
        x: 1, y: 7, fg: Cyan, bg: Reset, underline: Reset, modifier: NONE,
        x: 2, y: 7, fg: Reset, bg: Reset, underline: Reset, modifier: NONE,
        x: 33, y: 7, fg: Black, bg: Cyan, underline: Reset, modifier: BOLD,
        x: 51, y: 7, fg: Reset, bg: Reset, underline: Reset, modifier: NONE,
        x: 83, y: 7, fg: Cyan, bg: Reset, underline: Reset, modifier: NONE,
        x: 85, y: 7, fg: Reset, bg: Reset, underline: Reset, modifier: NONE,
        x: 87, y: 7, fg: White, bg: Reset, underline: Reset, modifier: NONE,
        x: 101, y: 7, fg: Reset, bg: Reset, underline: Reset, modifier: NONE,
        x: 118, y: 7, fg: Cyan, bg: Reset, underline: Reset, modifier: NONE,
        x: 119, y: 7, fg: Reset, bg: Reset, underline: Reset, modifier: NONE,
        x: 1, y: 8, fg: Cyan, bg: Reset, underline: Reset, modifier: NONE,
        x: 2, y: 8, fg: Reset, bg: Reset, underline: Reset, modifier: NONE,
        x: 83, y: 8, fg: Cyan, bg: Reset, underline: Reset, modifier: NONE,
        x: 85, y: 8, fg: Reset, bg: Reset, underline: Reset, modifier: NONE,
        x: 87, y: 8, fg: White, bg: Reset, underline: Reset, modifier: NONE,
        x: 101, y: 8, fg: Reset, bg: Reset, underline: Reset, modifier: NONE,
        x: 118, y: 8, fg: Cyan, bg: Reset, underline: Reset, modifier: NONE,
        x: 119, y: 8, fg: Reset, bg: Reset, underline: Reset, modifier: NONE,
        x: 1, y: 9, fg: Cyan, bg: Reset, underline: Reset, modifier: NONE,
        x: 2, y: 9, fg: Reset, bg: Reset, underline: Reset, modifier: NONE,
        x: 37, y: 9, fg: DarkGray, bg: Reset, underline: Reset, modifier: NONE,
        x: 48, y: 9, fg: Reset, bg: Reset, underline: Reset, modifier: NONE,
        x: 83, y: 9, fg: Cyan, bg: Reset, underline: Reset, modifier: NONE,
        x: 85, y: 9, fg: Reset, bg: Reset, underline: Reset, modifier: NONE,
        x: 87, y: 9, fg: White, bg: Reset, underline: Reset, modifier: NONE,
        x: 101, y: 9, fg: Reset, bg: Reset, underline: Reset, modifier: NONE,
        x: 118, y: 9, fg: Cyan, bg: Reset, underline: Reset, modifier: NONE,
        x: 119, y: 9, fg: Reset, bg: Reset, underline: Reset, modifier: NONE,
        x: 1, y: 10, fg: Cyan, bg: Reset, underline: Reset, modifier: NONE,
        x: 2, y: 10, fg: Reset, bg: Reset, underline: Reset, modifier: NONE,
        x: 83, y: 10, fg: Cyan, bg: Reset, underline: Reset, modifier: NONE,
        x: 85, y: 10, fg: Reset, bg: Reset, underline: Reset, modifier: NONE,
        x: 118, y: 10, fg: Cyan, bg: Reset, underline: Reset, modifier: NONE,
        x: 119, y: 10, fg: Reset, bg: Reset, underline: Reset, modifier: NONE,
        x: 1, y: 11, fg: Cyan, bg: Reset, underline: Reset, modifier: NONE,
        x: 2, y: 11, fg: Reset, bg: Reset, underline: Reset, modifier: NONE,
        x: 83, y: 11, fg: Cyan, bg: Reset, underline: Reset, modifier: NONE,
        x: 85, y: 11, fg: Reset, bg: Reset, underline: Reset, modifier: NONE,
        x: 118, y: 11, fg: Cyan, bg: Reset, underline: Reset, modifier: NONE,
        x: 119, y: 11, fg: Reset, bg: Reset, underline: Reset, modifier: NONE,
        x: 1, y: 12, fg: Cyan, bg: Reset, underline: Reset, modifier: NONE,
        x: 2, y: 12, fg: Reset, bg: Reset, underline: Reset, modifier: NONE,
        x: 83, y: 12, fg: Cyan, bg: Reset, underline: Reset, modifier: NONE,
        x: 85, y: 12, fg: Reset, bg: Reset, underline: Reset, modifier: NONE,
        x: 118, y: 12, fg: Cyan, bg: Reset, underline: Reset, modifier: NONE,
        x: 119, y: 12, fg: Reset, bg: Reset, underline: Reset, modifier: NONE,
        x: 1, y: 13, fg: Cyan, bg: Reset, underline: Reset, modifier: NONE,
        x: 2, y: 13, fg: Reset, bg: Reset, underline: Reset, modifier: NONE,
        x: 83, y: 13, fg: Cyan, bg: Reset, underline: Reset, modifier: NONE,
        x: 85, y: 13, fg: Reset, bg: Reset, underline: Reset, modifier: NONE,
        x: 118, y: 13, fg: Cyan, bg: Reset, underline: Reset, modifier: NONE,
        x: 119, y: 13, fg: Reset, bg: Reset, underline: Reset, modifier: NONE,
        x: 1, y: 14, fg: Cyan, bg: Reset, underline: Reset, modifier: NONE,
        x: 2, y: 14, fg: Reset, bg: Reset, underline: Reset, modifier: NONE,
        x: 83, y: 14, fg: Cyan, bg: Reset, underline: Reset, modifier: NONE,
        x: 85, y: 14, fg: Reset, bg: Reset, underline: Reset, modifier: NONE,
        x: 118, y: 14, fg: Cyan, bg: Reset, underline: Reset, modifier: NONE,
        x: 119, y: 14, fg: Reset, bg: Reset, underline: Reset, modifier: NONE,
        x: 1, y: 15, fg: Cyan, bg: Reset, underline: Reset, modifier: NONE,
        x: 2, y: 15, fg: Reset, bg: Reset, underline: Reset, modifier: NONE,
        x: 83, y: 15, fg: Cyan, bg: Reset, underline: Reset, modifier: NONE,
        x: 85, y: 15, fg: Reset, bg: Reset, underline: Reset, modifier: NONE,
        x: 118, y: 15, fg: Cyan, bg: Reset, underline: Reset, modifier: NONE,
        x: 119, y: 15, fg: Reset, bg: Reset, underline: Reset, modifier: NONE,
        x: 1, y: 16, fg: Cyan, bg: Reset, underline: Reset, modifier: NONE,
        x: 2, y: 16, fg: Reset, bg: Reset, underline: Reset, modifier: NONE,
        x: 83, y: 16, fg: Cyan, bg: Reset, underline: Reset, modifier: NONE,
        x: 85, y: 16, fg: Reset, bg: Reset, underline: Reset, modifier: NONE,
        x: 118, y: 16, fg: Cyan, bg: Reset, underline: Reset, modifier: NONE,
        x: 119, y: 16, fg: Reset, bg: Reset, underline: Reset, modifier: NONE,
        x: 1, y: 17, fg: Cyan, bg: Reset, underline: Reset, modifier: NONE,
        x: 2, y: 17, fg: Reset, bg: Reset, underline: Reset, modifier: NONE,
        x: 83, y: 17, fg: Cyan, bg: Reset, underline: Reset, modifier: NONE,
        x: 85, y: 17, fg: Reset, bg: Reset, underline: Reset, modifier: NONE,
        x: 118, y: 17, fg: Cyan, bg: Reset, underline: Reset, modifier: NONE,
        x: 119, y: 17, fg: Reset, bg: Reset, underline: Reset, modifier: NONE,
        x: 1, y: 18, fg: Cyan, bg: Reset, underline: Reset, modifier: NONE,
        x: 2, y: 18, fg: Reset, bg: Reset, underline: Reset, modifier: NONE,
        x: 83, y: 18, fg: Cyan, bg: Reset, underline: Reset, modifier: NONE,
        x: 85, y: 18, fg: Reset, bg: Reset, underline: Reset, modifier: NONE,
        x: 118, y: 18, fg: Cyan, bg: Reset, underline: Reset, modifier: NONE,
        x: 119, y: 18, fg: Reset, bg: Reset, underline: Reset, modifier: NONE,
        x: 1, y: 19, fg: Cyan, bg: Reset, underline: Reset, modifier: NONE,
        x: 2, y: 19, fg: Reset, bg: Reset, underline: Reset, modifier: NONE,
        x: 83, y: 19, fg: Cyan, bg: Reset, underline: Reset, modifier: NONE,
        x: 85, y: 19, fg: Reset, bg: Reset, underline: Reset, modifier: NONE,
        x: 118, y: 19, fg: Cyan, bg: Reset, underline: Reset, modifier: NONE,
        x: 119, y: 19, fg: Reset, bg: Reset, underline: Reset, modifier: NONE,
        x: 1, y: 20, fg: Cyan, bg: Reset, underline: Reset, modifier: NONE,
        x: 2, y: 20, fg: Reset, bg: Reset, underline: Reset, modifier: NONE,
        x: 83, y: 20, fg: Cyan, bg: Reset, underline: Reset, modifier: NONE,
        x: 85, y: 20, fg: Reset, bg: Reset, underline: Reset, modifier: NONE,
        x: 118, y: 20, fg: Cyan, bg: Reset, underline: Reset, modifier: NONE,
        x: 119, y: 20, fg: Reset, bg: Reset, underline: Reset, modifier: NONE,
        x: 1, y: 21, fg: Cyan, bg: Reset, underline: Reset, modifier: NONE,
        x: 2, y: 21, fg: Reset, bg: Reset, underline: Reset, modifier: NONE,
        x: 83, y: 21, fg: Cyan, bg: Reset, underline: Reset, modifier: NONE,
        x: 85, y: 21, fg: Reset, bg: Reset, underline: Reset, modifier: NONE,
        x: 118, y: 21, fg: Cyan, bg: Reset, underline: Reset, modifier: NONE,
        x: 119, y: 21, fg: Reset, bg: Reset, underline: Reset, modifier: NONE,
        x: 1, y: 22, fg: Cyan, bg: Reset, underline: Reset, modifier: NONE,
        x: 2, y: 22, fg: Reset, bg: Reset, underline: Reset, modifier: NONE,
        x: 83, y: 22, fg: Cyan, bg: Reset, underline: Reset, modifier: NONE,
        x: 85, y: 22, fg: Reset, bg: Reset, underline: Reset, modifier: NONE,
        x: 118, y: 22, fg: Cyan, bg: Reset, underline: Reset, modifier: NONE,
        x: 119, y: 22, fg: Reset, bg: Reset, underline: Reset, modifier: NONE,
        x: 1, y: 23, fg: Cyan, bg: Reset, underline: Reset, modifier: NONE,
        x: 2, y: 23, fg: Reset, bg: Reset, underline: Reset, modifier: NONE,
        x: 83, y: 23, fg: Cyan, bg: Reset, underline: Reset, modifier: NONE,
        x: 85, y: 23, fg: Reset, bg: Reset, underline: Reset, modifier: NONE,
        x: 118, y: 23, fg: Cyan, bg: Reset, underline: Reset, modifier: NONE,
        x: 119, y: 23, fg: Reset, bg: Reset, underline: Reset, modifier: NONE,
        x: 1, y: 24, fg: Cyan, bg: Reset, underline: Reset, modifier: NONE,
        x: 2, y: 24, fg: Reset, bg: Reset, underline: Reset, modifier: NONE,
        x: 83, y: 24, fg: Cyan, bg: Reset, underline: Reset, modifier: NONE,
        x: 85, y: 24, fg: Reset, bg: Reset, underline: Reset, modifier: NONE,
        x: 118, y: 24, fg: Cyan, bg: Reset, underline: Reset, modifier: NONE,
        x: 119, y: 24, fg: Reset, bg: Reset, underline: Reset, modifier: NONE,
        x: 1, y: 25, fg: Cyan, bg: Reset, underline: Reset, modifier: NONE,
        x: 2, y: 25, fg: Reset, bg: Reset, underline: Reset, modifier: NONE,
        x: 83, y: 25, fg: Cyan, bg: Reset, underline: Reset, modifier: NONE,
        x: 85, y: 25, fg: Reset, bg: Reset, underline: Reset, modifier: NONE,
        x: 118, y: 25, fg: Cyan, bg: Reset, underline: Reset, modifier: NONE,
        x: 119, y: 25, fg: Reset, bg: Reset, underline: Reset, modifier: NONE,
        x: 1, y: 26, fg: Cyan, bg: Reset, underline: Reset, modifier: NONE,
        x: 2, y: 26, fg: Reset, bg: Reset, underline: Reset, modifier: NONE,
        x: 83, y: 26, fg: Cyan, bg: Reset, underline: Reset, modifier: NONE,
        x: 85, y: 26, fg: Reset, bg: Reset, underline: Reset, modifier: NONE,
        x: 118, y: 26, fg: Cyan, bg: Reset, underline: Reset, modifier: NONE,
        x: 119, y: 26, fg: Reset, bg: Reset, underline: Reset, modifier: NONE,
        x: 1, y: 27, fg: Cyan, bg: Reset, underline: Reset, modifier: NONE,
        x: 2, y: 27, fg: Reset, bg: Reset, underline: Reset, modifier: NONE,
        x: 83, y: 27, fg: Cyan, bg: Reset, underline: Reset, modifier: NONE,
        x: 85, y: 27, fg: Reset, bg: Reset, underline: Reset, modifier: NONE,
        x: 118, y: 27, fg: Cyan, bg: Reset, underline: Reset, modifier: NONE,
        x: 119, y: 27, fg: Reset, bg: Reset, underline: Reset, modifier: NONE,
        x: 1, y: 28, fg: Cyan, bg: Reset, underline: Reset, modifier: NONE,
        x: 2, y: 28, fg: Reset, bg: Reset, underline: Reset, modifier: NONE,
        x: 83, y: 28, fg: Cyan, bg: Reset, underline: Reset, modifier: NONE,
        x: 85, y: 28, fg: Reset, bg: Reset, underline: Reset, modifier: NONE,
        x: 118, y: 28, fg: Cyan, bg: Reset, underline: Reset, modifier: NONE,
        x: 119, y: 28, fg: Reset, bg: Reset, underline: Reset, modifier: NONE,
        x: 1, y: 29, fg: Cyan, bg: Reset, underline: Reset, modifier: NONE,
        x: 2, y: 29, fg: Reset, bg: Reset, underline: Reset, modifier: NONE,
        x: 83, y: 29, fg: Cyan, bg: Reset, underline: Reset, modifier: NONE,
        x: 85, y: 29, fg: Reset, bg: Reset, underline: Reset, modifier: NONE,
        x: 118, y: 29, fg: Cyan, bg: Reset, underline: Reset, modifier: NONE,
        x: 119, y: 29, fg: Reset, bg: Reset, underline: Reset, modifier: NONE,
        x: 1, y: 30, fg: Cyan, bg: Reset, underline: Reset, modifier: NONE,
        x: 2, y: 30, fg: Reset, bg: Reset, underline: Reset, modifier: NONE,
        x: 83, y: 30, fg: Cyan, bg: Reset, underline: Reset, modifier: NONE,
        x: 85, y: 30, fg: Reset, bg: Reset, underline: Reset, modifier: NONE,
        x: 118, y: 30, fg: Cyan, bg: Reset, underline: Reset, modifier: NONE,
        x: 119, y: 30, fg: Reset, bg: Reset, underline: Reset, modifier: NONE,
        x: 1, y: 31, fg: Cyan, bg: Reset, underline: Reset, modifier: NONE,
        x: 2, y: 31, fg: Reset, bg: Reset, underline: Reset, modifier: NONE,
        x: 83, y: 31, fg: Cyan, bg: Reset, underline: Reset, modifier: NONE,
        x: 85, y: 31, fg: Reset, bg: Reset, underline: Reset, modifier: NONE,
        x: 118, y: 31, fg: Cyan, bg: Reset, underline: Reset, modifier: NONE,
        x: 119, y: 31, fg: Reset, bg: Reset, underline: Reset, modifier: NONE,
        x: 1, y: 32, fg: Cyan, bg: Reset, underline: Reset, modifier: NONE,
        x: 2, y: 32, fg: Reset, bg: Reset, underline: Reset, modifier: NONE,
        x: 83, y: 32, fg: Cyan, bg: Reset, underline: Reset, modifier: NONE,
        x: 85, y: 32, fg: Reset, bg: Reset, underline: Reset, modifier: NONE,
        x: 118, y: 32, fg: Cyan, bg: Reset, underline: Reset, modifier: NONE,
        x: 119, y: 32, fg: Reset, bg: Reset, underline: Reset, modifier: NONE,
        x: 1, y: 33, fg: Cyan, bg: Reset, underline: Reset, modifier: NONE,
        x: 2, y: 33, fg: Reset, bg: Reset, underline: Reset, modifier: NONE,
        x: 83, y: 33, fg: Cyan, bg: Reset, underline: Reset, modifier: NONE,
        x: 85, y: 33, fg: Reset, bg: Reset, underline: Reset, modifier: NONE,
        x: 118, y: 33, fg: Cyan, bg: Reset, underline: Reset, modifier: NONE,
        x: 119, y: 33, fg: Reset, bg: Reset, underline: Reset, modifier: NONE,
        x: 1, y: 34, fg: Cyan, bg: Reset, underline: Reset, modifier: NONE,
        x: 2, y: 34, fg: Reset, bg: Reset, underline: Reset, modifier: NONE,
        x: 83, y: 34, fg: Cyan, bg: Reset, underline: Reset, modifier: NONE,
        x: 85, y: 34, fg: Reset, bg: Reset, underline: Reset, modifier: NONE,
        x: 118, y: 34, fg: Cyan, bg: Reset, underline: Reset, modifier: NONE,
        x: 119, y: 34, fg: Reset, bg: Reset, underline: Reset, modifier: NONE,
        x: 1, y: 35, fg: Cyan, bg: Reset, underline: Reset, modifier: NONE,
        x: 119, y: 35, fg: Reset, bg: Reset, underline: Reset, modifier: NONE,
        x: 0, y: 37, fg: White, bg: DarkGray, underline: Reset, modifier: NONE,
    ]
}
